# Copyright (c) 2023 Huawei Device Co., Ltd.
# Licensed under the Apache License, Version 2.0 (the "License");
# you may not use this file except in compliance with the License.
# You may obtain a copy of the License at
#
# http://www.apache.org/licenses/LICENSE-2.0
#
# Unless required by applicable law or agreed to in writing, software
# distributed under the License is distributed on an "AS IS" BASIS,
# WITHOUT WARRANTIES OR CONDITIONS OF ANY KIND, either express or implied.
# See the License for the specific language governing permissions and
# limitations under the License.

1.0 {
  global:
    extern "C++" {
      "non-virtual thunk to OHOS::AppExecFwk::AppControlHost::~AppControlHost()";
      "non-virtual thunk to OHOS::AppExecFwk::BundleEventCallbackHost::~BundleEventCallbackHost()";
      "non-virtual thunk to OHOS::AppExecFwk::BundleStatusCallbackHost::~BundleStatusCallbackHost()";
      "non-virtual thunk to OHOS::AppExecFwk::BundleUserMgrHost::~BundleUserMgrHost()";
      "non-virtual thunk to OHOS::AppExecFwk::CleanCacheCallbackHost::~CleanCacheCallbackHost()";
      "non-virtual thunk to OHOS::AppExecFwk::DefaultAppHost::~DefaultAppHost()";
      "non-virtual thunk to OHOS::AppExecFwk::QuickFixManagerHost::~QuickFixManagerHost()";
      "non-virtual thunk to OHOS::AppExecFwk::QuickFixStatusCallbackHost::~QuickFixStatusCallbackHost()";
      "non-virtual thunk to OHOS::AppExecFwk::StatusReceiverHost::~StatusReceiverHost()";
      "OHOS::AppExecFwk::AppControlHost::AppControlHost()";
      "OHOS::AppExecFwk::AppControlHost::OnRemoteRequest(uint32_t, OHOS::OHOS::MessageParcel &, OHOS::OHOS::MessageParcel &, OHOS::MessageOption &)";
      "OHOS::AppExecFwk::AppControlHost::OnRemoteRequest(unsigned int, OHOS::MessageParcel&, OHOS::MessageParcel&, OHOS::MessageOption&)";
      "OHOS::AppExecFwk::AppControlHost::~AppControlHost()";
      "OHOS::AppExecFwk::AppControlProxy::AddAppInstallControlRule(std::__h::vector<std::__h::basic_string<char, std::__h::char_traits<char>, std::__h::allocator<char> >, std::__h::allocator<std::__h::basic_string<char, std::__h::char_traits<char>, std::__h::allocator<char> > > > const&, OHOS::AppExecFwk::AppInstallControlRuleType, int)";
      "OHOS::AppExecFwk::AppControlProxy::AddAppRunningControlRule(std::__h::vector<OHOS::AppExecFwk::AppRunningControlRule, std::__h::allocator<OHOS::AppExecFwk::AppRunningControlRule> > const&, int)";
      "OHOS::AppExecFwk::AppControlProxy::AppControlProxy(OHOS::sptr<OHOS::IRemoteObject> const&)";
      "OHOS::AppExecFwk::AppControlProxy::DeleteAppInstallControlRule(OHOS::AppExecFwk::AppInstallControlRuleType, int)";
      "OHOS::AppExecFwk::AppControlProxy::DeleteAppInstallControlRule(OHOS::AppExecFwk::AppInstallControlRuleType, std::__h::vector<std::__h::basic_string<char, std::__h::char_traits<char>, std::__h::allocator<char> >, std::__h::allocator<std::__h::basic_string<char, std::__h::char_traits<char>, std::__h::allocator<char> > > > const&, int)";
      "OHOS::AppExecFwk::AppControlProxy::DeleteAppRunningControlRule(int)";
      "OHOS::AppExecFwk::AppControlProxy::DeleteAppRunningControlRule(std::__h::vector<OHOS::AppExecFwk::AppRunningControlRule, std::__h::allocator<OHOS::AppExecFwk::AppRunningControlRule> > const&, int)";
      "OHOS::AppExecFwk::AppControlProxy::DeleteDisposedStatus(std::__h::basic_string<char, std::__h::char_traits<char>, std::__h::allocator<char> > const&)";
      "OHOS::AppExecFwk::AppControlProxy::GetAppInstallControlRule(OHOS::AppExecFwk::AppInstallControlRuleType, int, std::__h::vector<std::__h::basic_string<char, std::__h::char_traits<char>, std::__h::allocator<char> >, std::__h::allocator<std::__h::basic_string<char, std::__h::char_traits<char>, std::__h::allocator<char> > > >&)";
      "OHOS::AppExecFwk::AppControlProxy::GetAppRunningControlRule(int, std::__h::vector<std::__h::basic_string<char, std::__h::char_traits<char>, std::__h::allocator<char> >, std::__h::allocator<std::__h::basic_string<char, std::__h::char_traits<char>, std::__h::allocator<char> > > >&)";
      "OHOS::AppExecFwk::AppControlProxy::GetAppRunningControlRule(std::__h::basic_string<char, std::__h::char_traits<char>, std::__h::allocator<char> > const&, int, OHOS::AppExecFwk::AppRunningControlRuleResult&)";
      "OHOS::AppExecFwk::AppControlProxy::GetDisposedStatus(std::__h::basic_string<char, std::__h::char_traits<char>, std::__h::allocator<char> > const&, OHOS::AAFwk::Want&)";
      "OHOS::AppExecFwk::AppControlProxy::SetDisposedStatus(std::__h::basic_string<char, std::__h::char_traits<char>, std::__h::allocator<char> > const&, OHOS::AAFwk::Want const&)";
      "OHOS::AppExecFwk::AppControlProxy::~AppControlProxy()";
      "OHOS::AppExecFwk::BundleEventCallbackHost::BundleEventCallbackHost()";
      "OHOS::AppExecFwk::BundleEventCallbackHost::OnRemoteRequest(unsigned int, OHOS::MessageParcel&, OHOS::MessageParcel&, OHOS::MessageOption&)";
      "OHOS::AppExecFwk::BundleEventCallbackHost::~BundleEventCallbackHost()";
      "OHOS::AppExecFwk::BundleInstallerProxy::BundleInstallerProxy(OHOS::sptr<OHOS::IRemoteObject> const&)";
      "OHOS::AppExecFwk::BundleInstallerProxy::CreateStreamInstaller(OHOS::AppExecFwk::InstallParam const&, OHOS::sptr<OHOS::AppExecFwk::IStatusReceiver> const&)";
      "OHOS::AppExecFwk::BundleInstallerProxy::DestoryBundleStreamInstaller(unsigned int)";
      "OHOS::AppExecFwk::BundleInstallerProxy::Install(std::__h::basic_string<char, std::__h::char_traits<char>, std::__h::allocator<char> > const&, OHOS::AppExecFwk::InstallParam const&, OHOS::sptr<OHOS::AppExecFwk::IStatusReceiver> const&)";
      "OHOS::AppExecFwk::BundleInstallerProxy::Install(std::__h::vector<std::__h::basic_string<char, std::__h::char_traits<char>, std::__h::allocator<char> >, std::__h::allocator<std::__h::basic_string<char, std::__h::char_traits<char>, std::__h::allocator<char> > > > const&, OHOS::AppExecFwk::InstallParam const&, OHOS::sptr<OHOS::AppExecFwk::IStatusReceiver> const&)";
      "OHOS::AppExecFwk::BundleInstallerProxy::InstallSandboxApp(std::__h::basic_string<char, std::__h::char_traits<char>, std::__h::allocator<char> > const&, int, int, int&)";
      "OHOS::AppExecFwk::BundleInstallerProxy::Recover(std::__h::basic_string<char, std::__h::char_traits<char>, std::__h::allocator<char> > const&, OHOS::AppExecFwk::InstallParam const&, OHOS::sptr<OHOS::AppExecFwk::IStatusReceiver> const&)";
      "OHOS::AppExecFwk::BundleInstallerProxy::StreamInstall(std::__h::vector<std::__h::basic_string<char, std::__h::char_traits<char>, std::__h::allocator<char> >, std::__h::allocator<std::__h::basic_string<char, std::__h::char_traits<char>, std::__h::allocator<char> > > > const&, OHOS::AppExecFwk::InstallParam const&, OHOS::sptr<OHOS::AppExecFwk::IStatusReceiver> const&)";
      "OHOS::AppExecFwk::BundleInstallerProxy::Uninstall(std::__h::basic_string<char, std::__h::char_traits<char>, std::__h::allocator<char> > const&, OHOS::AppExecFwk::InstallParam const&, OHOS::sptr<OHOS::AppExecFwk::IStatusReceiver> const&)";
      "OHOS::AppExecFwk::BundleInstallerProxy::Uninstall(std::__h::basic_string<char, std::__h::char_traits<char>, std::__h::allocator<char> > const&, std::__h::basic_string<char, std::__h::char_traits<char>, std::__h::allocator<char> > const&, OHOS::AppExecFwk::InstallParam const&, OHOS::sptr<OHOS::AppExecFwk::IStatusReceiver> const&)";
      "OHOS::AppExecFwk::BundleInstallerProxy::UninstallSandboxApp(std::__h::basic_string<char, std::__h::char_traits<char>, std::__h::allocator<char> > const&, int, int)";
      "OHOS::AppExecFwk::BundleInstallerProxy::WriteFileToStream(OHOS::sptr<OHOS::AppExecFwk::IBundleStreamInstaller>&, std::__h::basic_string<char, std::__h::char_traits<char>, std::__h::allocator<char> > const&)";
      "OHOS::AppExecFwk::BundleInstallerProxy::~BundleInstallerProxy()";
      "OHOS::AppExecFwk::BundleMgrClient::BundleMgrClient()";
      "OHOS::AppExecFwk::BundleMgrClient::GetAccessibleAppCodePaths(int)";
      "OHOS::AppExecFwk::BundleMgrClient::GetBundleInfo(std::__h::basic_string<char, std::__h::char_traits<char>, std::__h::allocator<char> > const&, OHOS::AppExecFwk::BundleFlag, OHOS::AppExecFwk::BundleInfo&, int)";
      "OHOS::AppExecFwk::BundleMgrClient::GetBundleNameForUid(int, std::__h::basic_string<char, std::__h::char_traits<char>, std::__h::allocator<char> >&)";
      "OHOS::AppExecFwk::BundleMgrClient::GetBundlePackInfo(std::__h::basic_string<char, std::__h::char_traits<char>, std::__h::allocator<char> > const&, OHOS::AppExecFwk::BundlePackFlag, OHOS::AppExecFwk::BundlePackInfo&, int)";
      "OHOS::AppExecFwk::BundleMgrClient::GetHapModuleInfo(std::__h::basic_string<char, std::__h::char_traits<char>, std::__h::allocator<char> > const&, std::__h::basic_string<char, std::__h::char_traits<char>, std::__h::allocator<char> > const&, OHOS::AppExecFwk::HapModuleInfo&)";
      "OHOS::AppExecFwk::BundleMgrClient::GetProfileFromAbility(const OHOS::AppExecFwk::AbilityInfo &, const std::string &, std::vector<std::string> &) const";
      "OHOS::AppExecFwk::BundleMgrClient::GetProfileFromAbility(OHOS::AppExecFwk::AbilityInfo const&, std::__h::basic_string<char, std::__h::char_traits<char>, std::__h::allocator<char> > const&, std::__h::vector<std::__h::basic_string<char, std::__h::char_traits<char>, std::__h::allocator<char> >, std::__h::allocator<std::__h::basic_string<char, std::__h::char_traits<char>, std::__h::allocator<char> > > >&) const";
      "OHOS::AppExecFwk::BundleMgrClient::GetProfileFromExtension(const OHOS::AppExecFwk::ExtensionAbilityInfo &, const std::string &, std::vector<std::string> &) const";
      "OHOS::AppExecFwk::BundleMgrClient::GetProfileFromExtension(OHOS::AppExecFwk::ExtensionAbilityInfo const&, std::__h::basic_string<char, std::__h::char_traits<char>, std::__h::allocator<char> > const&, std::__h::vector<std::__h::basic_string<char, std::__h::char_traits<char>, std::__h::allocator<char> >, std::__h::allocator<std::__h::basic_string<char, std::__h::char_traits<char>, std::__h::allocator<char> > > >&) const";
      "OHOS::AppExecFwk::BundleMgrClient::GetProfileFromHap(OHOS::AppExecFwk::HapModuleInfo const&, std::__h::basic_string<char, std::__h::char_traits<char>, std::__h::allocator<char> > const&, std::__h::vector<std::__h::basic_string<char, std::__h::char_traits<char>, std::__h::allocator<char> >, std::__h::allocator<std::__h::basic_string<char, std::__h::char_traits<char>, std::__h::allocator<char> > > >&) const";
      "OHOS::AppExecFwk::BundleMgrClient::GetResConfigFile(OHOS::AppExecFwk::AbilityInfo const&, std::__h::basic_string<char, std::__h::char_traits<char>, std::__h::allocator<char> > const&, std::__h::vector<std::__h::basic_string<char, std::__h::char_traits<char>, std::__h::allocator<char> >, std::__h::allocator<std::__h::basic_string<char, std::__h::char_traits<char>, std::__h::allocator<char> > > >&) const";
      "OHOS::AppExecFwk::BundleMgrClient::GetResConfigFile(OHOS::AppExecFwk::ExtensionAbilityInfo const&, std::__h::basic_string<char, std::__h::char_traits<char>, std::__h::allocator<char> > const&, std::__h::vector<std::__h::basic_string<char, std::__h::char_traits<char>, std::__h::allocator<char> >, std::__h::allocator<std::__h::basic_string<char, std::__h::char_traits<char>, std::__h::allocator<char> > > >&) const";
      "OHOS::AppExecFwk::BundleMgrClient::GetResConfigFile(OHOS::AppExecFwk::HapModuleInfo const&, std::__h::basic_string<char, std::__h::char_traits<char>, std::__h::allocator<char> > const&, std::__h::vector<std::__h::basic_string<char, std::__h::char_traits<char>, std::__h::allocator<char> >, std::__h::allocator<std::__h::basic_string<char, std::__h::char_traits<char>, std::__h::allocator<char> > > >&) const";
      "OHOS::AppExecFwk::BundleMgrClient::GetSandboxAbilityInfo(OHOS::AAFwk::Want const&, int, int, int, OHOS::AppExecFwk::AbilityInfo&)";
      "OHOS::AppExecFwk::BundleMgrClient::GetSandboxBundleInfo(std::__h::basic_string<char, std::__h::char_traits<char>, std::__h::allocator<char> > const&, int, int, OHOS::AppExecFwk::BundleInfo&)";
      "OHOS::AppExecFwk::BundleMgrClient::GetSandboxExtAbilityInfos(OHOS::AAFwk::Want const&, int, int, int, std::__h::vector<OHOS::AppExecFwk::ExtensionAbilityInfo, std::__h::allocator<OHOS::AppExecFwk::ExtensionAbilityInfo> >&)";
      "OHOS::AppExecFwk::BundleMgrClient::GetSandboxHapModuleInfo(OHOS::AppExecFwk::AbilityInfo const&, int, int, OHOS::AppExecFwk::HapModuleInfo&)";
      "OHOS::AppExecFwk::BundleMgrClient::InstallSandboxApp(std::__h::basic_string<char, std::__h::char_traits<char>, std::__h::allocator<char> > const&, int, int, int&)";
      "OHOS::AppExecFwk::BundleMgrClient::UninstallSandboxApp(std::__h::basic_string<char, std::__h::char_traits<char>, std::__h::allocator<char> > const&, int, int)";
      "OHOS::AppExecFwk::BundleMgrClient::~BundleMgrClient()";
      "OHOS::AppExecFwk::BundleMgrClientImpl::BundleMgrClientImpl()";
      "OHOS::AppExecFwk::BundleMgrClientImpl::Connect()";
      "OHOS::AppExecFwk::BundleMgrClientImpl::ConvertResourcePath(std::__h::basic_string<char, std::__h::char_traits<char>, std::__h::allocator<char> > const&, std::__h::basic_string<char, std::__h::char_traits<char>, std::__h::allocator<char> >&, bool) const";
      "OHOS::AppExecFwk::BundleMgrClientImpl::GetResFromResMgr(std::__h::basic_string<char, std::__h::char_traits<char>, std::__h::allocator<char> > const&, std::__h::shared_ptr<OHOS::Global::Resource::ResourceManager> const&, bool, std::__h::vector<std::__h::basic_string<char, std::__h::char_traits<char>, std::__h::allocator<char> >, std::__h::allocator<std::__h::basic_string<char, std::__h::char_traits<char>, std::__h::allocator<char> > > >&) const";
      "OHOS::AppExecFwk::BundleMgrClientImpl::GetSandboxAbilityInfo(OHOS::AAFwk::Want const&, int, int, int, OHOS::AppExecFwk::AbilityInfo&)";
      "OHOS::AppExecFwk::BundleMgrClientImpl::GetSandboxExtAbilityInfos(OHOS::AAFwk::Want const&, int, int, int, std::__h::vector<OHOS::AppExecFwk::ExtensionAbilityInfo, std::__h::allocator<OHOS::AppExecFwk::ExtensionAbilityInfo> >&)";
      "OHOS::AppExecFwk::BundleMgrClientImpl::GetSandboxHapModuleInfo(OHOS::AppExecFwk::AbilityInfo const&, int, int, OHOS::AppExecFwk::HapModuleInfo&)";
      "OHOS::AppExecFwk::BundleMgrClientImpl::InitResMgr(std::__h::basic_string<char, std::__h::char_traits<char>, std::__h::allocator<char> > const&) const";
      "OHOS::AppExecFwk::BundleMgrClientImpl::InstallSandboxApp(std::__h::basic_string<char, std::__h::char_traits<char>, std::__h::allocator<char> > const&, int, int, int&)";
      "OHOS::AppExecFwk::BundleMgrClientImpl::IsFileExisted(std::__h::basic_string<char, std::__h::char_traits<char>, std::__h::allocator<char> > const&) const";
      "OHOS::AppExecFwk::BundleMgrClientImpl::OnDeath()";
      "OHOS::AppExecFwk::BundleMgrClientImpl::TransformFileToJsonString(std::__h::basic_string<char, std::__h::char_traits<char>, std::__h::allocator<char> > const&, std::__h::basic_string<char, std::__h::char_traits<char>, std::__h::allocator<char> >&) const";
      "OHOS::AppExecFwk::BundleMgrClientImpl::UninstallSandboxApp(std::__h::basic_string<char, std::__h::char_traits<char>, std::__h::allocator<char> > const&, int, int)";
      "OHOS::AppExecFwk::BundleMgrClientImpl::~BundleMgrClientImpl()";
      "OHOS::AppExecFwk::BundleMgrHost::BundleMgrHost()";
      "OHOS::AppExecFwk::BundleMgrHost::OnRemoteRequest(uint32_t, OHOS::OHOS::MessageParcel &, OHOS::OHOS::MessageParcel &, OHOS::MessageOption &)";
      "OHOS::AppExecFwk::BundleMgrHost::OnRemoteRequest(unsigned int, OHOS::MessageParcel&, OHOS::MessageParcel&, OHOS::MessageOption&)";
      "OHOS::AppExecFwk::BundleMgrHost::~BundleMgrHost()";
      "OHOS::AppExecFwk::BundleMgrProxy::BundleMgrProxy(OHOS::sptr<OHOS::IRemoteObject> const&)";
      "OHOS::AppExecFwk::BundleMgrProxy::CheckAbilityEnableInstall(OHOS::AAFwk::Want const&, int, int, OHOS::sptr<OHOS::IRemoteObject> const&)";
      "OHOS::AppExecFwk::BundleMgrProxy::CheckIsSystemAppByUid(int)";
      "OHOS::AppExecFwk::BundleMgrProxy::CheckPublicKeys(std::__h::basic_string<char, std::__h::char_traits<char>, std::__h::allocator<char> > const&, std::__h::basic_string<char, std::__h::char_traits<char>, std::__h::allocator<char> > const&)";
      "OHOS::AppExecFwk::BundleMgrProxy::CleanBundleCacheFiles(std::__h::basic_string<char, std::__h::char_traits<char>, std::__h::allocator<char> > const&, OHOS::sptr<OHOS::AppExecFwk::ICleanCacheCallback> const&, int)";
      "OHOS::AppExecFwk::BundleMgrProxy::CleanBundleDataFiles(std::__h::basic_string<char, std::__h::char_traits<char>, std::__h::allocator<char> > const&, int)";
      "OHOS::AppExecFwk::BundleMgrProxy::ClearBundleStatusCallback(OHOS::sptr<OHOS::AppExecFwk::IBundleStatusCallback> const&)";
      "OHOS::AppExecFwk::BundleMgrProxy::DumpInfos(OHOS::AppExecFwk::DumpFlag, std::__h::basic_string<char, std::__h::char_traits<char>, std::__h::allocator<char> > const&, int, std::__h::basic_string<char, std::__h::char_traits<char>, std::__h::allocator<char> >&)";
      "OHOS::AppExecFwk::BundleMgrProxy::GetAbilityInfo(std::__h::basic_string<char, std::__h::char_traits<char>, std::__h::allocator<char> > const&, std::__h::basic_string<char, std::__h::char_traits<char>, std::__h::allocator<char> > const&, OHOS::AppExecFwk::AbilityInfo&)";
      "OHOS::AppExecFwk::BundleMgrProxy::GetAbilityInfo(std::__h::basic_string<char, std::__h::char_traits<char>, std::__h::allocator<char> > const&, std::__h::basic_string<char, std::__h::char_traits<char>, std::__h::allocator<char> > const&, std::__h::basic_string<char, std::__h::char_traits<char>, std::__h::allocator<char> > const&, OHOS::AppExecFwk::AbilityInfo&)";
      "OHOS::AppExecFwk::BundleMgrProxy::GetAbilityLabel(std::__h::basic_string<char, std::__h::char_traits<char>, std::__h::allocator<char> > const&, std::__h::basic_string<char, std::__h::char_traits<char>, std::__h::allocator<char> > const&)";
      "OHOS::AppExecFwk::BundleMgrProxy::GetAbilityLabel(std::__h::basic_string<char, std::__h::char_traits<char>, std::__h::allocator<char> > const&, std::__h::basic_string<char, std::__h::char_traits<char>, std::__h::allocator<char> > const&, std::__h::basic_string<char, std::__h::char_traits<char>, std::__h::allocator<char> > const&, std::__h::basic_string<char, std::__h::char_traits<char>, std::__h::allocator<char> >&)";
      "OHOS::AppExecFwk::BundleMgrProxy::GetAccessibleAppCodePaths(int)";
      "OHOS::AppExecFwk::BundleMgrProxy::GetAllCommonEventInfo(std::__h::basic_string<char, std::__h::char_traits<char>, std::__h::allocator<char> > const&, std::__h::vector<OHOS::AppExecFwk::CommonEventInfo, std::__h::allocator<OHOS::AppExecFwk::CommonEventInfo> >&)";
      "OHOS::AppExecFwk::BundleMgrProxy::GetAllDependentModuleNames(std::__h::basic_string<char, std::__h::char_traits<char>, std::__h::allocator<char> > const&, std::__h::basic_string<char, std::__h::char_traits<char>, std::__h::allocator<char> > const&, std::__h::vector<std::__h::basic_string<char, std::__h::char_traits<char>, std::__h::allocator<char> >, std::__h::allocator<std::__h::basic_string<char, std::__h::char_traits<char>, std::__h::allocator<char> > > >&)";
      "OHOS::AppExecFwk::BundleMgrProxy::GetAllFormsInfo(std::__h::vector<OHOS::AppExecFwk::FormInfo, std::__h::allocator<OHOS::AppExecFwk::FormInfo> >&)";
      "OHOS::AppExecFwk::BundleMgrProxy::GetAppIdByBundleName(std::__h::basic_string<char, std::__h::char_traits<char>, std::__h::allocator<char> > const&, int)";
      "OHOS::AppExecFwk::BundleMgrProxy::GetApplicationInfo(std::__h::basic_string<char, std::__h::char_traits<char>, std::__h::allocator<char> > const&, int, int, OHOS::AppExecFwk::ApplicationInfo&)";
      "OHOS::AppExecFwk::BundleMgrProxy::GetApplicationInfo(std::__h::basic_string<char, std::__h::char_traits<char>, std::__h::allocator<char> > const&, OHOS::AppExecFwk::ApplicationFlag, int, OHOS::AppExecFwk::ApplicationInfo&)";
      "OHOS::AppExecFwk::BundleMgrProxy::GetApplicationInfos(int, int, std::__h::vector<OHOS::AppExecFwk::ApplicationInfo, std::__h::allocator<OHOS::AppExecFwk::ApplicationInfo> >&)";
      "OHOS::AppExecFwk::BundleMgrProxy::GetApplicationInfos(OHOS::AppExecFwk::ApplicationFlag, int, std::__h::vector<OHOS::AppExecFwk::ApplicationInfo, std::__h::allocator<OHOS::AppExecFwk::ApplicationInfo> >&)";
      "OHOS::AppExecFwk::BundleMgrProxy::GetApplicationInfosV9(int, int, std::__h::vector<OHOS::AppExecFwk::ApplicationInfo, std::__h::allocator<OHOS::AppExecFwk::ApplicationInfo> >&)";
      "OHOS::AppExecFwk::BundleMgrProxy::GetApplicationInfoV9(std::__h::basic_string<char, std::__h::char_traits<char>, std::__h::allocator<char> > const&, int, int, OHOS::AppExecFwk::ApplicationInfo&)";
      "OHOS::AppExecFwk::BundleMgrProxy::GetAppPrivilegeLevel(std::__h::basic_string<char, std::__h::char_traits<char>, std::__h::allocator<char> > const&, int)";
      "OHOS::AppExecFwk::BundleMgrProxy::GetAppType(std::__h::basic_string<char, std::__h::char_traits<char>, std::__h::allocator<char> > const&)";
      "OHOS::AppExecFwk::BundleMgrProxy::GetBundleArchiveInfo(std::__h::basic_string<char, std::__h::char_traits<char>, std::__h::allocator<char> > const&, int, OHOS::AppExecFwk::BundleInfo&)";
      "OHOS::AppExecFwk::BundleMgrProxy::GetBundleArchiveInfo(std::__h::basic_string<char, std::__h::char_traits<char>, std::__h::allocator<char> > const&, OHOS::AppExecFwk::BundleFlag, OHOS::AppExecFwk::BundleInfo&)";
      "OHOS::AppExecFwk::BundleMgrProxy::GetBundleArchiveInfoV9(std::__h::basic_string<char, std::__h::char_traits<char>, std::__h::allocator<char> > const&, int, OHOS::AppExecFwk::BundleInfo&)";
      "OHOS::AppExecFwk::BundleMgrProxy::GetBundleGids(std::__h::basic_string<char, std::__h::char_traits<char>, std::__h::allocator<char> > const&, std::__h::vector<int, std::__h::allocator<int> >&)";
      "OHOS::AppExecFwk::BundleMgrProxy::GetBundleGidsByUid(std::__h::basic_string<char, std::__h::char_traits<char>, std::__h::allocator<char> > const&, int const&, std::__h::vector<int, std::__h::allocator<int> >&)";
      "OHOS::AppExecFwk::BundleMgrProxy::GetBundleInfo(std::__h::basic_string<char, std::__h::char_traits<char>, std::__h::allocator<char> > const&, int, OHOS::AppExecFwk::BundleInfo&, int)";
      "OHOS::AppExecFwk::BundleMgrProxy::GetBundleInfo(std::__h::basic_string<char, std::__h::char_traits<char>, std::__h::allocator<char> > const&, OHOS::AppExecFwk::BundleFlag, OHOS::AppExecFwk::BundleInfo&, int)";
      "OHOS::AppExecFwk::BundleMgrProxy::GetBundleInfos(int, std::__h::vector<OHOS::AppExecFwk::BundleInfo, std::__h::allocator<OHOS::AppExecFwk::BundleInfo> >&, int)";
      "OHOS::AppExecFwk::BundleMgrProxy::GetBundleInfos(OHOS::AppExecFwk::BundleFlag, std::__h::vector<OHOS::AppExecFwk::BundleInfo, std::__h::allocator<OHOS::AppExecFwk::BundleInfo> >&, int)";
      "OHOS::AppExecFwk::BundleMgrProxy::GetBundleInfosByMetaData(std::__h::basic_string<char, std::__h::char_traits<char>, std::__h::allocator<char> > const&, std::__h::vector<OHOS::AppExecFwk::BundleInfo, std::__h::allocator<OHOS::AppExecFwk::BundleInfo> >&)";
      "OHOS::AppExecFwk::BundleMgrProxy::GetBundleInfosV9(int, std::__h::vector<OHOS::AppExecFwk::BundleInfo, std::__h::allocator<OHOS::AppExecFwk::BundleInfo> >&, int)";
      "OHOS::AppExecFwk::BundleMgrProxy::GetBundleInfoV9(std::__h::basic_string<char, std::__h::char_traits<char>, std::__h::allocator<char> > const&, int, OHOS::AppExecFwk::BundleInfo&, int)";
      "OHOS::AppExecFwk::BundleMgrProxy::GetBundleInstaller()";
      "OHOS::AppExecFwk::BundleMgrProxy::GetBundleNameForUid(int, std::__h::basic_string<char, std::__h::char_traits<char>, std::__h::allocator<char> >&)";
      "OHOS::AppExecFwk::BundleMgrProxy::GetBundlePackInfo(std::__h::basic_string<char, std::__h::char_traits<char>, std::__h::allocator<char> > const&, int, OHOS::AppExecFwk::BundlePackInfo&, int)";
      "OHOS::AppExecFwk::BundleMgrProxy::GetBundlePackInfo(std::__h::basic_string<char, std::__h::char_traits<char>, std::__h::allocator<char> > const&, OHOS::AppExecFwk::BundlePackFlag, OHOS::AppExecFwk::BundlePackInfo&, int)";
      "OHOS::AppExecFwk::BundleMgrProxy::GetBundlesForUid(int, std::__h::vector<std::__h::basic_string<char, std::__h::char_traits<char>, std::__h::allocator<char> >, std::__h::allocator<std::__h::basic_string<char, std::__h::char_traits<char>, std::__h::allocator<char> > > >&)";
      "OHOS::AppExecFwk::BundleMgrProxy::GetBundleStats(std::__h::basic_string<char, std::__h::char_traits<char>, std::__h::allocator<char> > const&, int, std::__h::vector<long long, std::__h::allocator<long long> >&)";
      "OHOS::AppExecFwk::BundleMgrProxy::GetBundleUserMgr()";
      "OHOS::AppExecFwk::BundleMgrProxy::GetDisposedStatus(std::__h::basic_string<char, std::__h::char_traits<char>, std::__h::allocator<char> > const&)";
      "OHOS::AppExecFwk::BundleMgrProxy::GetDistributedBundleInfo(std::__h::basic_string<char, std::__h::char_traits<char>, std::__h::allocator<char> > const&, std::__h::basic_string<char, std::__h::char_traits<char>, std::__h::allocator<char> > const&, OHOS::AppExecFwk::DistributedBundleInfo&)";
      "OHOS::AppExecFwk::BundleMgrProxy::GetFormsInfoByApp(std::__h::basic_string<char, std::__h::char_traits<char>, std::__h::allocator<char> > const&, std::__h::vector<OHOS::AppExecFwk::FormInfo, std::__h::allocator<OHOS::AppExecFwk::FormInfo> >&)";
      "OHOS::AppExecFwk::BundleMgrProxy::GetFormsInfoByModule(std::__h::basic_string<char, std::__h::char_traits<char>, std::__h::allocator<char> > const&, std::__h::basic_string<char, std::__h::char_traits<char>, std::__h::allocator<char> > const&, std::__h::vector<OHOS::AppExecFwk::FormInfo, std::__h::allocator<OHOS::AppExecFwk::FormInfo> >&)";
      "OHOS::AppExecFwk::BundleMgrProxy::GetHapModuleInfo(OHOS::AppExecFwk::AbilityInfo const&, int, OHOS::AppExecFwk::HapModuleInfo&)";
      "OHOS::AppExecFwk::BundleMgrProxy::GetHapModuleInfo(OHOS::AppExecFwk::AbilityInfo const&, OHOS::AppExecFwk::HapModuleInfo&)";
      "OHOS::AppExecFwk::BundleMgrProxy::GetIconById(std::__h::basic_string<char, std::__h::char_traits<char>, std::__h::allocator<char> > const&, std::__h::basic_string<char, std::__h::char_traits<char>, std::__h::allocator<char> > const&, unsigned int, unsigned int, int)";
      "OHOS::AppExecFwk::BundleMgrProxy::GetLaunchWantForBundle(std::__h::basic_string<char, std::__h::char_traits<char>, std::__h::allocator<char> > const&, OHOS::AAFwk::Want&, int)";
      "OHOS::AppExecFwk::BundleMgrProxy::GetMediaData(std::__h::basic_string<char, std::__h::char_traits<char>, std::__h::allocator<char> > const&, std::__h::basic_string<char, std::__h::char_traits<char>, std::__h::allocator<char> > const&, std::__h::basic_string<char, std::__h::char_traits<char>, std::__h::allocator<char> > const&, std::__h::unique_ptr<unsigned char [], std::__h::default_delete<unsigned char []> >&, unsigned int&, int)";
      "OHOS::AppExecFwk::BundleMgrProxy::GetModuleUpgradeFlag(std::__h::basic_string<char, std::__h::char_traits<char>, std::__h::allocator<char> > const&, std::__h::basic_string<char, std::__h::char_traits<char>, std::__h::allocator<char> > const&)";
      "OHOS::AppExecFwk::BundleMgrProxy::GetNameForUid(int, std::__h::basic_string<char, std::__h::char_traits<char>, std::__h::allocator<char> >&)";
      "OHOS::AppExecFwk::BundleMgrProxy::GetPermissionDef(std::__h::basic_string<char, std::__h::char_traits<char>, std::__h::allocator<char> > const&, OHOS::AppExecFwk::PermissionDef&)";
      "OHOS::AppExecFwk::BundleMgrProxy::GetQuickFixManagerProxy()";
      "OHOS::AppExecFwk::BundleMgrProxy::GetSandboxAbilityInfo(OHOS::AAFwk::Want const&, int, int, int, OHOS::AppExecFwk::AbilityInfo&)";
      "OHOS::AppExecFwk::BundleMgrProxy::GetSandboxBundleInfo(std::__h::basic_string<char, std::__h::char_traits<char>, std::__h::allocator<char> > const&, int, int, OHOS::AppExecFwk::BundleInfo&)";
      "OHOS::AppExecFwk::BundleMgrProxy::GetSandboxExtAbilityInfos(OHOS::AAFwk::Want const&, int, int, int, std::__h::vector<OHOS::AppExecFwk::ExtensionAbilityInfo, std::__h::allocator<OHOS::AppExecFwk::ExtensionAbilityInfo> >&)";
      "OHOS::AppExecFwk::BundleMgrProxy::GetSandboxHapModuleInfo(OHOS::AppExecFwk::AbilityInfo const&, int, int, OHOS::AppExecFwk::HapModuleInfo&)";
      "OHOS::AppExecFwk::BundleMgrProxy::GetShortcutInfos(std::__h::basic_string<char, std::__h::char_traits<char>, std::__h::allocator<char> > const&, std::__h::vector<OHOS::AppExecFwk::ShortcutInfo, std::__h::allocator<OHOS::AppExecFwk::ShortcutInfo> >&)";
      "OHOS::AppExecFwk::BundleMgrProxy::GetShortcutInfoV9(std::__h::basic_string<char, std::__h::char_traits<char>, std::__h::allocator<char> > const&, std::__h::vector<OHOS::AppExecFwk::ShortcutInfo, std::__h::allocator<OHOS::AppExecFwk::ShortcutInfo> >&)";
      "OHOS::AppExecFwk::BundleMgrProxy::GetStringById(std::__h::basic_string<char, std::__h::char_traits<char>, std::__h::allocator<char> > const&, std::__h::basic_string<char, std::__h::char_traits<char>, std::__h::allocator<char> > const&, unsigned int, int, std::__h::basic_string<char, std::__h::char_traits<char>, std::__h::allocator<char> > const&)";
      "OHOS::AppExecFwk::BundleMgrProxy::GetSystemAvailableCapabilities(std::__h::vector<std::__h::basic_string<char, std::__h::char_traits<char>, std::__h::allocator<char> >, std::__h::allocator<std::__h::basic_string<char, std::__h::char_traits<char>, std::__h::allocator<char> > > >&)";
      "OHOS::AppExecFwk::BundleMgrProxy::GetUdidByNetworkId(std::__h::basic_string<char, std::__h::char_traits<char>, std::__h::allocator<char> > const&, std::__h::basic_string<char, std::__h::char_traits<char>, std::__h::allocator<char> >&)";
      "OHOS::AppExecFwk::BundleMgrProxy::GetUidByBundleName(std::__h::basic_string<char, std::__h::char_traits<char>, std::__h::allocator<char> > const&, int)";
      "OHOS::AppExecFwk::BundleMgrProxy::HasSystemCapability(std::__h::basic_string<char, std::__h::char_traits<char>, std::__h::allocator<char> > const&)";
      "OHOS::AppExecFwk::BundleMgrProxy::ImplicitQueryInfoByPriority(OHOS::AAFwk::Want const&, int, int, OHOS::AppExecFwk::AbilityInfo&, OHOS::AppExecFwk::ExtensionAbilityInfo&)";
      "OHOS::AppExecFwk::BundleMgrProxy::ImplicitQueryInfos(OHOS::AAFwk::Want const&, int, int, std::__h::vector<OHOS::AppExecFwk::AbilityInfo, std::__h::allocator<OHOS::AppExecFwk::AbilityInfo> >&, std::__h::vector<OHOS::AppExecFwk::ExtensionAbilityInfo, std::__h::allocator<OHOS::AppExecFwk::ExtensionAbilityInfo> >&)";
      "OHOS::AppExecFwk::BundleMgrProxy::IsAbilityEnabled(OHOS::AppExecFwk::AbilityInfo const&, bool&)";
      "OHOS::AppExecFwk::BundleMgrProxy::IsApplicationEnabled(std::__h::basic_string<char, std::__h::char_traits<char>, std::__h::allocator<char> > const&, bool&)";
      "OHOS::AppExecFwk::BundleMgrProxy::IsModuleRemovable(std::__h::basic_string<char, std::__h::char_traits<char>, std::__h::allocator<char> > const&, std::__h::basic_string<char, std::__h::char_traits<char>, std::__h::allocator<char> > const&, bool&)";
      "OHOS::AppExecFwk::BundleMgrProxy::IsSafeMode()";
      "OHOS::AppExecFwk::BundleMgrProxy::ObtainCallingBundleName(std::__h::basic_string<char, std::__h::char_traits<char>, std::__h::allocator<char> >&)";
      "OHOS::AppExecFwk::BundleMgrProxy::QueryAbilityInfo(OHOS::AAFwk::Want const&, int, int, OHOS::AppExecFwk::AbilityInfo&)";
      "OHOS::AppExecFwk::BundleMgrProxy::QueryAbilityInfo(OHOS::AAFwk::Want const&, int, int, OHOS::AppExecFwk::AbilityInfo&, OHOS::sptr<OHOS::IRemoteObject> const&)";
      "OHOS::AppExecFwk::BundleMgrProxy::QueryAbilityInfo(OHOS::AAFwk::Want const&, OHOS::AppExecFwk::AbilityInfo&)";
      "OHOS::AppExecFwk::BundleMgrProxy::QueryAbilityInfoByUri(std::__h::basic_string<char, std::__h::char_traits<char>, std::__h::allocator<char> > const&, int, OHOS::AppExecFwk::AbilityInfo&)";
      "OHOS::AppExecFwk::BundleMgrProxy::QueryAbilityInfoByUri(std::__h::basic_string<char, std::__h::char_traits<char>, std::__h::allocator<char> > const&, OHOS::AppExecFwk::AbilityInfo&)";
      "OHOS::AppExecFwk::BundleMgrProxy::QueryAbilityInfos(OHOS::AAFwk::Want const&, int, int, std::__h::vector<OHOS::AppExecFwk::AbilityInfo, std::__h::allocator<OHOS::AppExecFwk::AbilityInfo> >&)";
      "OHOS::AppExecFwk::BundleMgrProxy::QueryAbilityInfos(OHOS::AAFwk::Want const&, std::__h::vector<OHOS::AppExecFwk::AbilityInfo, std::__h::allocator<OHOS::AppExecFwk::AbilityInfo> >&)";
      "OHOS::AppExecFwk::BundleMgrProxy::QueryAbilityInfosByUri(std::__h::basic_string<char, std::__h::char_traits<char>, std::__h::allocator<char> > const&, std::__h::vector<OHOS::AppExecFwk::AbilityInfo, std::__h::allocator<OHOS::AppExecFwk::AbilityInfo> >&)";
      "OHOS::AppExecFwk::BundleMgrProxy::QueryAbilityInfosV9(OHOS::AAFwk::Want const&, int, int, std::__h::vector<OHOS::AppExecFwk::AbilityInfo, std::__h::allocator<OHOS::AppExecFwk::AbilityInfo> >&)";
      "OHOS::AppExecFwk::BundleMgrProxy::QueryAllAbilityInfos(OHOS::AAFwk::Want const&, int, std::__h::vector<OHOS::AppExecFwk::AbilityInfo, std::__h::allocator<OHOS::AppExecFwk::AbilityInfo> >&)";
      "OHOS::AppExecFwk::BundleMgrProxy::QueryExtensionAbilityInfoByUri(std::__h::basic_string<char, std::__h::char_traits<char>, std::__h::allocator<char> > const&, int, OHOS::AppExecFwk::ExtensionAbilityInfo&)";
      "OHOS::AppExecFwk::BundleMgrProxy::QueryExtensionAbilityInfos(OHOS::AAFwk::Want const&, int const&, int const&, std::__h::vector<OHOS::AppExecFwk::ExtensionAbilityInfo, std::__h::allocator<OHOS::AppExecFwk::ExtensionAbilityInfo> >&)";
      "OHOS::AppExecFwk::BundleMgrProxy::QueryExtensionAbilityInfos(OHOS::AAFwk::Want const&, OHOS::AppExecFwk::ExtensionAbilityType const&, int const&, int const&, std::__h::vector<OHOS::AppExecFwk::ExtensionAbilityInfo, std::__h::allocator<OHOS::AppExecFwk::ExtensionAbilityInfo> >&)";
      "OHOS::AppExecFwk::BundleMgrProxy::QueryExtensionAbilityInfos(OHOS::AppExecFwk::ExtensionAbilityType const&, int const&, std::__h::vector<OHOS::AppExecFwk::ExtensionAbilityInfo, std::__h::allocator<OHOS::AppExecFwk::ExtensionAbilityInfo> >&)";
      "OHOS::AppExecFwk::BundleMgrProxy::QueryExtensionAbilityInfosV9(OHOS::AAFwk::Want const&, int, int, std::__h::vector<OHOS::AppExecFwk::ExtensionAbilityInfo, std::__h::allocator<OHOS::AppExecFwk::ExtensionAbilityInfo> >&)";
      "OHOS::AppExecFwk::BundleMgrProxy::QueryExtensionAbilityInfosV9(OHOS::AAFwk::Want const&, OHOS::AppExecFwk::ExtensionAbilityType const&, int, int, std::__h::vector<OHOS::AppExecFwk::ExtensionAbilityInfo, std::__h::allocator<OHOS::AppExecFwk::ExtensionAbilityInfo> >&)";
      "OHOS::AppExecFwk::BundleMgrProxy::QueryKeepAliveBundleInfos(std::__h::vector<OHOS::AppExecFwk::BundleInfo, std::__h::allocator<OHOS::AppExecFwk::BundleInfo> >&)";
      "OHOS::AppExecFwk::BundleMgrProxy::RegisterBundleEventCallback(OHOS::sptr<OHOS::AppExecFwk::IBundleEventCallback> const&)";
      "OHOS::AppExecFwk::BundleMgrProxy::RegisterBundleStatusCallback(OHOS::sptr<OHOS::AppExecFwk::IBundleStatusCallback> const&)";
      "OHOS::AppExecFwk::BundleMgrProxy::SetAbilityEnabled(OHOS::AppExecFwk::AbilityInfo const&, bool, int)";
      "OHOS::AppExecFwk::BundleMgrProxy::SetApplicationEnabled(std::__h::basic_string<char, std::__h::char_traits<char>, std::__h::allocator<char> > const&, bool, int)";
      "OHOS::AppExecFwk::BundleMgrProxy::SetDebugMode(bool)";
      "OHOS::AppExecFwk::BundleMgrProxy::SetDisposedStatus(std::__h::basic_string<char, std::__h::char_traits<char>, std::__h::allocator<char> > const&, int)";
      "OHOS::AppExecFwk::BundleMgrProxy::SetModuleRemovable(std::__h::basic_string<char, std::__h::char_traits<char>, std::__h::allocator<char> > const&, std::__h::basic_string<char, std::__h::char_traits<char>, std::__h::allocator<char> > const&, bool)";
      "OHOS::AppExecFwk::BundleMgrProxy::SetModuleUpgradeFlag(std::__h::basic_string<char, std::__h::char_traits<char>, std::__h::allocator<char> > const&, std::__h::basic_string<char, std::__h::char_traits<char>, std::__h::allocator<char> > const&, int)";
      "OHOS::AppExecFwk::BundleMgrProxy::UnregisterBundleEventCallback(OHOS::sptr<OHOS::AppExecFwk::IBundleEventCallback> const&)";
      "OHOS::AppExecFwk::BundleMgrProxy::UnregisterBundleStatusCallback()";
      "OHOS::AppExecFwk::BundleMgrProxy::UpgradeAtomicService(OHOS::AAFwk::Want const&, int)";
      "OHOS::AppExecFwk::BundleMgrProxy::VerifyCallingPermission(std::__h::basic_string<char, std::__h::char_traits<char>, std::__h::allocator<char> > const&)";
      "OHOS::AppExecFwk::BundleMgrProxy::~BundleMgrProxy()";
      "OHOS::AppExecFwk::BundleStatusCallbackHost::BundleStatusCallbackHost()";
      "OHOS::AppExecFwk::BundleStatusCallbackHost::OnRemoteRequest(unsigned int, OHOS::MessageParcel&, OHOS::MessageParcel&, OHOS::MessageOption&)";
      "OHOS::AppExecFwk::BundleStatusCallbackHost::~BundleStatusCallbackHost()";
      "OHOS::AppExecFwk::BundleStatusCallbackProxy::BundleStatusCallbackProxy(OHOS::sptr<OHOS::IRemoteObject> const&)";
      "OHOS::AppExecFwk::BundleStatusCallbackProxy::OnBundleStateChanged(unsigned char, int, std::__h::basic_string<char, std::__h::char_traits<char>, std::__h::allocator<char> > const&, std::__h::basic_string<char, std::__h::char_traits<char>, std::__h::allocator<char> > const&)";
      "OHOS::AppExecFwk::BundleStatusCallbackProxy::~BundleStatusCallbackProxy()";
      "OHOS::AppExecFwk::BundleStreamInstallerHost::BundleStreamInstallerHost()";
      "OHOS::AppExecFwk::BundleStreamInstallerHost::OnRemoteRequest(uint32_t, OHOS::MessageParcel &, OHOS::MessageParcel &, OHOS::MessageOption &)";
      "OHOS::AppExecFwk::BundleStreamInstallerHost::OnRemoteRequest(unsigned int, OHOS::MessageParcel&, OHOS::MessageParcel&, OHOS::MessageOption&)";
      "OHOS::AppExecFwk::BundleStreamInstallerProxy::BundleStreamInstallerProxy(OHOS::sptr<OHOS::IRemoteObject> const&)";
      "OHOS::AppExecFwk::BundleStreamInstallerProxy::CreateStream(std::__h::basic_string<char, std::__h::char_traits<char>, std::__h::allocator<char> > const&)";
      "OHOS::AppExecFwk::BundleStreamInstallerProxy::GetInstallerId() const";
      "OHOS::AppExecFwk::BundleStreamInstallerProxy::Install()";
      "OHOS::AppExecFwk::BundleStreamInstallerProxy::SetInstallerId(unsigned int)";
      "OHOS::AppExecFwk::BundleStreamInstallerProxy::~BundleStreamInstallerProxy()";
      "OHOS::AppExecFwk::BundleUserMgrHost::BundleUserMgrHost()";
      "OHOS::AppExecFwk::BundleUserMgrHost::OnRemoteRequest(uint32_t, OHOS::OHOS::MessageParcel &, OHOS::OHOS::MessageParcel &, OHOS::MessageOption &)";
      "OHOS::AppExecFwk::BundleUserMgrHost::OnRemoteRequest(unsigned int, OHOS::MessageParcel&, OHOS::MessageParcel&, OHOS::MessageOption&)";
      "OHOS::AppExecFwk::BundleUserMgrHost::~BundleUserMgrHost()";
      "OHOS::AppExecFwk::BundleUserMgrProxy::BundleUserMgrProxy(OHOS::sptr<OHOS::IRemoteObject> const&)";
      "OHOS::AppExecFwk::BundleUserMgrProxy::CreateNewUser(int)";
      "OHOS::AppExecFwk::BundleUserMgrProxy::RemoveUser(int)";
      "OHOS::AppExecFwk::BundleUserMgrProxy::~BundleUserMgrProxy()";
      "OHOS::AppExecFwk::CleanCacheCallbackHost::CleanCacheCallbackHost()";
      "OHOS::AppExecFwk::CleanCacheCallbackHost::OnRemoteRequest(uint32_t, OHOS::MessageParcel &, OHOS::MessageParcel &, OHOS::MessageOption &)";
      "OHOS::AppExecFwk::CleanCacheCallbackHost::OnRemoteRequest(unsigned int, OHOS::MessageParcel&, OHOS::MessageParcel&, OHOS::MessageOption&)";
      "OHOS::AppExecFwk::CleanCacheCallbackHost::~CleanCacheCallbackHost()";
      "OHOS::AppExecFwk::CleanCacheCallbackProxy::CleanCacheCallbackProxy(OHOS::sptr<OHOS::IRemoteObject> const&)";
      "OHOS::AppExecFwk::CleanCacheCallbackProxy::OnCleanCacheFinished(bool)";
      "OHOS::AppExecFwk::CleanCacheCallbackProxy::~CleanCacheCallbackProxy()";
      "OHOS::AppExecFwk::DefaultAppHost::DefaultAppHost()";
      "OHOS::AppExecFwk::DefaultAppHost::OnRemoteRequest(uint32_t, OHOS::OHOS::MessageParcel&, OHOS::OHOS::MessageParcel&, OHOS::MessageOption&)";
      "OHOS::AppExecFwk::DefaultAppHost::OnRemoteRequest(unsigned int, OHOS::MessageParcel&, OHOS::MessageParcel&, OHOS::MessageOption&)";
      "OHOS::AppExecFwk::DefaultAppHost::~DefaultAppHost()";
      "OHOS::AppExecFwk::DefaultAppProxy::DefaultAppProxy(OHOS::sptr<OHOS::IRemoteObject> const&)";
      "OHOS::AppExecFwk::DefaultAppProxy::GetDefaultApplication(int, std::__h::basic_string<char, std::__h::char_traits<char>, std::__h::allocator<char> > const&, OHOS::AppExecFwk::BundleInfo&)";
      "OHOS::AppExecFwk::DefaultAppProxy::IsDefaultApplication(std::__h::basic_string<char, std::__h::char_traits<char>, std::__h::allocator<char> > const&, bool&)";
      "OHOS::AppExecFwk::DefaultAppProxy::ResetDefaultApplication(int, std::__h::basic_string<char, std::__h::char_traits<char>, std::__h::allocator<char> > const&)";
      "OHOS::AppExecFwk::DefaultAppProxy::SetDefaultApplication(int, std::__h::basic_string<char, std::__h::char_traits<char>, std::__h::allocator<char> > const&, OHOS::AAFwk::Want const&)";
      "OHOS::AppExecFwk::DefaultAppProxy::~DefaultAppProxy()";
      "OHOS::AppExecFwk::DeleteQuickFixResult::GetResCode()";
      "OHOS::AppExecFwk::DeleteQuickFixResult::Marshalling(OHOS::Parcel&) const";
      "OHOS::AppExecFwk::DeleteQuickFixResult::SetResCode(int)";
      "OHOS::AppExecFwk::DeleteQuickFixResult::ToString() const";
      "OHOS::AppExecFwk::DeployQuickFixResult::GetResCode()";
      "OHOS::AppExecFwk::DeployQuickFixResult::Marshalling(OHOS::Parcel&) const";
      "OHOS::AppExecFwk::DeployQuickFixResult::SetResCode(int)";
      "OHOS::AppExecFwk::LauncherService::GetAbilityList(std::__h::basic_string<char, std::__h::char_traits<char>, std::__h::allocator<char> > const&, int, std::__h::vector<OHOS::AppExecFwk::LauncherAbilityInfo, std::__h::allocator<OHOS::AppExecFwk::LauncherAbilityInfo> >&)";
      "OHOS::AppExecFwk::LauncherService::GetAllLauncherAbility(int, std::__h::vector<OHOS::AppExecFwk::LauncherAbilityInfo, std::__h::allocator<OHOS::AppExecFwk::LauncherAbilityInfo> >&)";
      "OHOS::AppExecFwk::LauncherService::GetAllLauncherAbilityInfos(int, std::__h::vector<OHOS::AppExecFwk::LauncherAbilityInfo, std::__h::allocator<OHOS::AppExecFwk::LauncherAbilityInfo> >&)";
      "OHOS::AppExecFwk::LauncherService::GetLauncherAbilityByBundleName(std::__h::basic_string<char, std::__h::char_traits<char>, std::__h::allocator<char> > const&, int, std::__h::vector<OHOS::AppExecFwk::LauncherAbilityInfo, std::__h::allocator<OHOS::AppExecFwk::LauncherAbilityInfo> >&)";
      "OHOS::AppExecFwk::LauncherService::GetShortcutInfos(std::__h::basic_string<char, std::__h::char_traits<char>, std::__h::allocator<char> > const&, std::__h::vector<OHOS::AppExecFwk::ShortcutInfo, std::__h::allocator<OHOS::AppExecFwk::ShortcutInfo> >&)";
      "OHOS::AppExecFwk::LauncherService::GetShortcutInfoV9(std::__h::basic_string<char, std::__h::char_traits<char>, std::__h::allocator<char> > const&, std::__h::vector<OHOS::AppExecFwk::ShortcutInfo, std::__h::allocator<OHOS::AppExecFwk::ShortcutInfo> >&)";
      "OHOS::AppExecFwk::LauncherService::GetShortcutInfoV9(std::__h::basic_string<char, std::__h::char_traits<char>, std::__h::allocator<char> > const&, std::__h::vector<OHOS::AppExecFwk::ShortcutInfo, std::__h::allocator<OHOS::AppExecFwk::ShortcutInfo> >)";
      "OHOS::AppExecFwk::LauncherService::LauncherService()";
      "OHOS::AppExecFwk::LauncherService::RegisterCallback(OHOS::sptr<OHOS::AppExecFwk::IBundleStatusCallback> const&)";
      "OHOS::AppExecFwk::LauncherService::UnRegisterCallback()";
      "OHOS::AppExecFwk::QuickFixManagerHost::OnRemoteRequest(uint32_t, OHOS::MessageParcel&, OHOS::MessageParcel&, OHOS::MessageOption&)";
      "OHOS::AppExecFwk::QuickFixManagerHost::OnRemoteRequest(unsigned int, OHOS::MessageParcel&, OHOS::MessageParcel&, OHOS::MessageOption&)";
      "OHOS::AppExecFwk::QuickFixManagerHost::QuickFixManagerHost()";
      "OHOS::AppExecFwk::QuickFixManagerHost::~QuickFixManagerHost()";
      "OHOS::AppExecFwk::QuickFixManagerProxy::CopyFiles(std::__h::vector<std::__h::basic_string<char, std::__h::char_traits<char>, std::__h::allocator<char> >, std::__h::allocator<std::__h::basic_string<char, std::__h::char_traits<char>, std::__h::allocator<char> > > > const&, std::__h::vector<std::__h::basic_string<char, std::__h::char_traits<char>, std::__h::allocator<char> >, std::__h::allocator<std::__h::basic_string<char, std::__h::char_traits<char>, std::__h::allocator<char> > > >&)";
      "OHOS::AppExecFwk::QuickFixManagerProxy::DeleteQuickFix(std::__h::basic_string<char, std::__h::char_traits<char>, std::__h::allocator<char> > const&, OHOS::sptr<OHOS::AppExecFwk::IQuickFixStatusCallback> const&)";
      "OHOS::AppExecFwk::QuickFixManagerProxy::DeployQuickFix(std::__h::vector<std::__h::basic_string<char, std::__h::char_traits<char>, std::__h::allocator<char> >, std::__h::allocator<std::__h::basic_string<char, std::__h::char_traits<char>, std::__h::allocator<char> > > > const&, OHOS::sptr<OHOS::AppExecFwk::IQuickFixStatusCallback> const&)";
      "OHOS::AppExecFwk::QuickFixManagerProxy::QuickFixManagerProxy(OHOS::sptr<OHOS::IRemoteObject> const&)";
      "OHOS::AppExecFwk::QuickFixManagerProxy::SwitchQuickFix(std::__h::basic_string<char, std::__h::char_traits<char>, std::__h::allocator<char> > const&, bool, OHOS::sptr<OHOS::AppExecFwk::IQuickFixStatusCallback> const&)";
      "OHOS::AppExecFwk::QuickFixManagerProxy::~QuickFixManagerProxy()";
      "OHOS::AppExecFwk::QuickFixStatusCallbackHost::OnRemoteRequest(uint32_t, OHOS::MessageParcel &, OHOS::MessageParcel &, OHOS::MessageOption &)";
      "OHOS::AppExecFwk::QuickFixStatusCallbackHost::OnRemoteRequest(unsigned int, OHOS::MessageParcel&, OHOS::MessageParcel&, OHOS::MessageOption&)";
      "OHOS::AppExecFwk::QuickFixStatusCallbackHost::QuickFixStatusCallbackHost()";
      "OHOS::AppExecFwk::QuickFixStatusCallbackHost::~QuickFixStatusCallbackHost()";
      "OHOS::AppExecFwk::QuickFixStatusCallbackProxy::OnPatchDeleted(std::__h::shared_ptr<OHOS::AppExecFwk::QuickFixResult> const&)";
      "OHOS::AppExecFwk::QuickFixStatusCallbackProxy::OnPatchDeployed(std::__h::shared_ptr<OHOS::AppExecFwk::QuickFixResult> const&)";
      "OHOS::AppExecFwk::QuickFixStatusCallbackProxy::OnPatchSwitched(std::__h::shared_ptr<OHOS::AppExecFwk::QuickFixResult> const&)";
      "OHOS::AppExecFwk::QuickFixStatusCallbackProxy::QuickFixStatusCallbackProxy(OHOS::sptr<OHOS::IRemoteObject> const&)";
      "OHOS::AppExecFwk::QuickFixStatusCallbackProxy::~QuickFixStatusCallbackProxy()";
      "OHOS::AppExecFwk::StatusReceiverHost::OnRemoteRequest(uint32_t, OHOS::MessageParcel &, OHOS::MessageParcel &, OHOS::MessageOption &)";
      "OHOS::AppExecFwk::StatusReceiverHost::OnRemoteRequest(unsigned int, OHOS::MessageParcel&, OHOS::MessageParcel&, OHOS::MessageOption&)";
      "OHOS::AppExecFwk::StatusReceiverHost::StatusReceiverHost()";
      "OHOS::AppExecFwk::StatusReceiverHost::~StatusReceiverHost()";
      "OHOS::AppExecFwk::SwitchQuickFixResult::GetResCode()";
      "OHOS::AppExecFwk::SwitchQuickFixResult::Marshalling(OHOS::Parcel&) const";
      "OHOS::AppExecFwk::SwitchQuickFixResult::SetResCode(int)";
      "OHOS::C::BundleMgrHost()";
      "virtual thunk to OHOS::AppExecFwk::AppControlHost::~AppControlHost()";
      "virtual thunk to OHOS::AppExecFwk::BundleEventCallbackHost::~BundleEventCallbackHost()";
      "virtual thunk to OHOS::AppExecFwk::BundleStatusCallbackHost::~BundleStatusCallbackHost()";
      "virtual thunk to OHOS::AppExecFwk::BundleUserMgrHost::~BundleUserMgrHost()";
      "virtual thunk to OHOS::AppExecFwk::CleanCacheCallbackHost::~CleanCacheCallbackHost()";
      "virtual thunk to OHOS::AppExecFwk::DefaultAppHost::~DefaultAppHost()";
      "virtual thunk to OHOS::AppExecFwk::QuickFixManagerHost::~QuickFixManagerHost()";
      "virtual thunk to OHOS::AppExecFwk::QuickFixStatusCallbackHost::~QuickFixStatusCallbackHost()";
      "virtual thunk to OHOS::AppExecFwk::StatusReceiverHost::~StatusReceiverHost()";
      "vtable for OHOS::AppExecFwk::BundleMgrHost";
      "VTT for OHOS::AppExecFwk::BundleMgrHost";
      non-virtual?for?OHOS::AppExecFwk::AppControlHost::~AppControlHost;
      non-virtual?for?OHOS::AppExecFwk::BundleUserMgrHost::~BundleUserMgrHost;
      non-virtual?for?OHOS::AppExecFwk::CleanCacheCallbackHost::~CleanCacheCallbackHost;
      non-virtual?for?OHOS::AppExecFwk::DefaultAppHost::~DefaultAppHost;
      non-virtual?for?OHOS::AppExecFwk::QuickFixManagerHost::~QuickFixManagerHost;
      non-virtual?for?OHOS::AppExecFwk::QuickFixStatusCallbackHost::~QuickFixStatusCallbackHost;
      virtual?thunk?to?OHOS::AppExecFwk::AppControlHost::~AppControlHost;
      virtual?thunk?to?OHOS::AppExecFwk::BundleUserMgrHost::~BundleUserMgrHost;
      virtual?thunk?to?OHOS::AppExecFwk::CleanCacheCallbackHost::~CleanCacheCallbackHost;
      virtual?thunk?to?OHOS::AppExecFwk::DefaultAppHost::~DefaultAppHost;
      virtual?thunk?to?OHOS::AppExecFwk::QuickFixManagerHost::~QuickFixManagerHost;
      virtual?thunk?to?OHOS::AppExecFwk::QuickFixStatusCallbackHost::~QuickFixStatusCallbackHost;
      vtable?for?OHOS::AppExecFwk::DeleteQuickFixResult;
      vtable?for?OHOS::AppExecFwk::DeployQuickFixResult;
      vtable?for?OHOS::AppExecFwk::SwitchQuickFixResult;
      VTT?for?OHOS::AppExecFwk::BundleMgrHost;
      VTT?for?OHOS::AppExecFwk::DeleteQuickFixResult;
      VTT?for?OHOS::AppExecFwk::DeployQuickFixResult;
      VTT?for?OHOS::AppExecFwk::LauncherService;
      VTT?for?OHOS::AppExecFwk::SwitchQuickFixResult;
    };
  local:
    *;
};

