# Copyright (c) 2023 Huawei Device Co., Ltd.
# Licensed under the Apache License, Version 2.0 (the "License");
# you may not use this file except in compliance with the License.
# You may obtain a copy of the License at
#
# http://www.apache.org/licenses/LICENSE-2.0
#
# Unless required by applicable law or agreed to in writing, software
# distributed under the License is distributed on an "AS IS" BASIS,
# WITHOUT WARRANTIES OR CONDITIONS OF ANY KIND, either express or implied.
# See the License for the specific language governing permissions and
# limitations under the License.

1.0 {
  global:
    extern "C++" {
      "OHOS::AppExecFwk::AbilityInfo::ConvertToCompatiableAbilityInfo(OHOS::AppExecFwk::CompatibleAbilityInfo&) const";
      "OHOS::AppExecFwk::AbilityInfo::Dump(std::__1::basic_string<char, std::__1::char_traits<char>, std::__1::allocator<char> >, int ... )";
      "OHOS::AppExecFwk::AbilityInfo::Dump(std::__1::basic_string<char, std::__1::char_traits<char>, std::__1::allocator<char> >, int)";
      "OHOS::AppExecFwk::AbilityInfo::Dump(std::__h::basic_string<char, std::__h::char_traits<char>, std::__h::allocator<char> >, int)";
      "OHOS::AppExecFwk::AbilityInfo::Marshalling(OHOS::Parcel&) const";
      "OHOS::AppExecFwk::AbilityInfo::ReadFromParcel(OHOS::Parcel&)";
      "OHOS::AppExecFwk::AbilityInfo::Unmarshalling(OHOS::Parcel&)";
      "OHOS::AppExecFwk::AppControlProxy::AddAppInstallControlRule(std::__h::vector<std::__h::basic_string<char, std::__h::char_traits<char>, std::__h::allocator<char> >, std::__h::allocator<std::__h::basic_string<char, std::__h::char_traits<char>, std::__h::allocator<char> > > > const&, OHOS::AppExecFwk::AppInstallControlRuleType, int)";
      "OHOS::AppExecFwk::AppControlProxy::AppControlProxy(OHOS::sptr<OHOS::IRemoteObject> const&)";
      "OHOS::AppExecFwk::AppControlProxy::~AppControlProxy()";
      "OHOS::AppExecFwk::ApplicationInfo::ConvertToCompatibleApplicationInfo(OHOS::AppExecFwk::CompatibleApplicationInfo&) const";
      "OHOS::AppExecFwk::ApplicationInfo::Dump(std::__1::basic_string<char, std::__1::char_traits<char>, std::__1::allocator<char> >, int)";
      "OHOS::AppExecFwk::ApplicationInfo::Dump(std::__h::basic_string<char, std::__h::char_traits<char>, std::__h::allocator<char> >, int)";
      "OHOS::AppExecFwk::ApplicationInfo::Marshalling(OHOS::Parcel&) const";
      "OHOS::AppExecFwk::ApplicationInfo::ReadFromParcel(OHOS::Parcel&)";
      "OHOS::AppExecFwk::ApplicationInfo::ReadMetaDataFromParcel(OHOS::Parcel&)";
      "OHOS::AppExecFwk::ApplicationInfo::Unmarshalling(OHOS::Parcel&)";
      "OHOS::AppExecFwk::AppqfInfo::Marshalling(OHOS::Parcel&) const";
      "OHOS::AppExecFwk::AppqfInfo::ReadFromParcel(OHOS::Parcel&)";
      "OHOS::AppExecFwk::AppqfInfo::Unmarshalling(OHOS::Parcel&)";
      "OHOS::AppExecFwk::AppQuickFix::Unmarshalling(OHOS::Parcel&)";
      "OHOS::AppExecFwk::AppProvisionInfo::Marshalling(OHOS::Parcel&) const";
      "OHOS::AppExecFwk::AppProvisionInfo::ReadFromParcel(OHOS::Parcel&)";
      "OHOS::AppExecFwk::AppProvisionInfo::Unmarshalling(OHOS::Parcel&)";
      "OHOS::AppExecFwk::AppRunningControlRule::Marshalling(OHOS::Parcel&) const";
      "OHOS::AppExecFwk::AppRunningControlRule::ReadFromParcel(OHOS::Parcel&)";
      "OHOS::AppExecFwk::AppRunningControlRule::Unmarshalling(OHOS::Parcel&)";
      "OHOS::AppExecFwk::AppRunningControlRuleResult::Marshalling(OHOS::Parcel&) const";
      "OHOS::AppExecFwk::AppRunningControlRuleResult::ReadFromParcel(OHOS::Parcel&)";
      "OHOS::AppExecFwk::AppRunningControlRuleResult::Unmarshalling(OHOS::Parcel&)";
      "OHOS::AppExecFwk::BaseSharedPackageInfo::Marshalling(OHOS::Parcel&) const";
      "OHOS::AppExecFwk::BaseSharedPackageInfo::ReadFromParcel(OHOS::Parcel&)";
      "OHOS::AppExecFwk::BaseSharedPackageInfo::Unmarshalling(OHOS::Parcel&)";
      "OHOS::AppExecFwk::BundleInfo::Marshalling(OHOS::Parcel&) const";
      "OHOS::AppExecFwk::BundleInfo::ReadFromParcel(OHOS::Parcel&)";
      "OHOS::AppExecFwk::BundleInfo::Unmarshalling(OHOS::Parcel&)";
      "OHOS::AppExecFwk::BundlePackInfo::Unmarshalling(OHOS::Parcel&)";
      "OHOS::AppExecFwk::BundleUserInfo::Dump(std::__1::basic_string<char, std::__1::char_traits<char>, std::__1::allocator<char> > const&, int)";
      "OHOS::AppExecFwk::BundleUserInfo::Dump(std::__h::basic_string<char, std::__h::char_traits<char>, std::__h::allocator<char> > const&, int)";
      "OHOS::AppExecFwk::BundleUserInfo::IsInitialState() const";
      "OHOS::AppExecFwk::BundleUserInfo::Marshalling(OHOS::Parcel&) const";
      "OHOS::AppExecFwk::BundleUserInfo::ReadFromParcel(OHOS::Parcel&)";
      "OHOS::AppExecFwk::BundleUserInfo::Reset()";
      "OHOS::AppExecFwk::BundleUserInfo::Unmarshalling(OHOS::Parcel&)";
      "OHOS::AppExecFwk::CommonEventInfo::Marshalling(OHOS::Parcel&) const";
      "OHOS::AppExecFwk::CommonEventInfo::ReadFromParcel(OHOS::Parcel&)";
      "OHOS::AppExecFwk::CommonEventInfo::Unmarshalling(OHOS::Parcel&)";
      "OHOS::AppExecFwk::CompatibleAbilityInfo::ConvertToAbilityInfo(OHOS::AppExecFwk::AbilityInfo&) const";
      "OHOS::AppExecFwk::CompatibleAbilityInfo::Marshalling(OHOS::Parcel&) const";
      "OHOS::AppExecFwk::CompatibleAbilityInfo::ReadFromParcel(OHOS::Parcel&)";
      "OHOS::AppExecFwk::CompatibleAbilityInfo::Unmarshalling(OHOS::Parcel&)";
      "OHOS::AppExecFwk::CompatibleApplicationInfo::ConvertToApplicationInfo(OHOS::AppExecFwk::ApplicationInfo&) const";
      "OHOS::AppExecFwk::CompatibleApplicationInfo::Marshalling(OHOS::Parcel&) const";
      "OHOS::AppExecFwk::CompatibleApplicationInfo::ReadFromParcel(OHOS::Parcel&)";
      "OHOS::AppExecFwk::CompatibleApplicationInfo::Unmarshalling(OHOS::Parcel&)";
      "OHOS::AppExecFwk::CustomizeData::CustomizeData(std::__1::basic_string<char, std::__1::char_traits<char>, std::__1::allocator<char> >, std::__1::basic_string<char, std::__1::char_traits<c ... )";
      "OHOS::AppExecFwk::CustomizeData::CustomizeData(std::__1::basic_string<char, std::__1::char_traits<char>, std::__1::allocator<char> >, std::__1::basic_string<char, std::__1::char_traits<char>, std::__1::allocator<char> >, std::__1::basic_string<char, std::__1::char_traits<char>, std::__1::allocator<char> >)";
      "OHOS::AppExecFwk::CustomizeData::CustomizeData(std::__h::basic_string<char, std::__h::char_traits<char>, std::__h::allocator<char> >, std::__h::basic_string<char, std::__h::char_traits<char>, std::__h::allocator<char> >, std::__h::basic_string<char, std::__h::char_traits<char>, std::__h::allocator<char> >)";
      "OHOS::AppExecFwk::CustomizeData::Marshalling(OHOS::Parcel&) const";
      "OHOS::AppExecFwk::DefaultAppProxy::DefaultAppProxy(OHOS::sptr<OHOS::IRemoteObject> const&)";
      "OHOS::AppExecFwk::DefaultAppProxy::GetDefaultApplication(int, std::__h::basic_string<char, std::__h::char_traits<char>, std::__h::allocator<char> > const&, OHOS::AppExecFwk::BundleInfo&)";
      "OHOS::AppExecFwk::DefaultAppProxy::~DefaultAppProxy()";
      "OHOS::AppExecFwk::DistributedAbilityInfo::Dump(std::__1::basic_string<char, std::__1::char_traits<char>, std::__1::allocator<char> > const&, int)";
      "OHOS::AppExecFwk::DistributedAbilityInfo::Dump(std::__h::basic_string<char, std::__h::char_traits<char>, std::__h::allocator<char> > const&, int)";
      "OHOS::AppExecFwk::DistributedAbilityInfo::Marshalling(OHOS::Parcel&) const";
      "OHOS::AppExecFwk::DistributedAbilityInfo::ReadFromParcel(OHOS::Parcel&)";
      "OHOS::AppExecFwk::DistributedAbilityInfo::Unmarshalling(OHOS::Parcel&)";
      "OHOS::AppExecFwk::DistributedBundleInfo::FromJsonString(std::__1::basic_string<char, std::__1::char_traits<char>, std::__1::allocator<char> > const& ... )";
      "OHOS::AppExecFwk::DistributedBundleInfo::FromJsonString(std::__1::basic_string<char, std::__1::char_traits<char>, std::__1::allocator<char> > const&)";
      "OHOS::AppExecFwk::DistributedBundleInfo::FromJsonString(std::__h::basic_string<char, std::__h::char_traits<char>, std::__h::allocator<char> > const&)";
      "OHOS::AppExecFwk::DistributedBundleInfo::Marshalling(OHOS::Parcel&) const";
      "OHOS::AppExecFwk::DistributedBundleInfo::ReadFromParcel(OHOS::Parcel&)";
      "OHOS::AppExecFwk::DistributedBundleInfo::ToString() const";
      "OHOS::AppExecFwk::DistributedBundleInfo::Unmarshalling(OHOS::Parcel&)";
      "OHOS::AppExecFwk::DistributedModuleInfo::Dump(std::__1::basic_string<char, std::__1::char_traits<char>, std::__1::allocator<char> > const&, int)";
      "OHOS::AppExecFwk::DistributedModuleInfo::Dump(std::__h::basic_string<char, std::__h::char_traits<char>, std::__h::allocator<char> > const&, int)";
      "OHOS::AppExecFwk::DistributedModuleInfo::Marshalling(OHOS::Parcel&) const";
      "OHOS::AppExecFwk::DistributedModuleInfo::ReadFromParcel(OHOS::Parcel&)";
      "OHOS::AppExecFwk::DistributedModuleInfo::Unmarshalling(OHOS::Parcel&)";
      "OHOS::AppExecFwk::ExtensionAbilityInfo::Marshalling(OHOS::Parcel&) const";
      "OHOS::AppExecFwk::ExtensionAbilityInfo::ReadFromParcel(OHOS::Parcel&)";
      "OHOS::AppExecFwk::ExtensionAbilityInfo::Unmarshalling(OHOS::Parcel&)";
      "OHOS::AppExecFwk::ExtensionFormProfile::TransformTo(std::__1::basic_string<char, std::__1::char_traits<char>, std::__1::allocator<char> > const&, std::__1::vector<OHOS::AppExecFwk::ExtensionFormInfo, std::__1::allocator<OHOS::AppExecFwk::ExtensionFormInfo> >&)";
      "OHOS::AppExecFwk::ExtensionFormProfile::TransformTo(std::__h::basic_string<char, std::__h::char_traits<char>, std::__h::allocator<char> > const&, std::__h::vector<OHOS::AppExecFwk::ExtensionFormInfo, std::__h::allocator<OHOS::AppExecFwk::ExtensionFormInfo> >&)";
      "OHOS::AppExecFwk::FormInfo::FormInfo(OHOS::AppExecFwk::ExtensionAbilityInfo const&, OHOS::AppExecFwk::ExtensionFormInfo const&)";
      "OHOS::AppExecFwk::FormInfo::IsValid() const";
      "OHOS::AppExecFwk::FormInfo::Marshalling(OHOS::Parcel&) const";
      "OHOS::AppExecFwk::FormInfo::ReadFromParcel(OHOS::Parcel&)";
      "OHOS::AppExecFwk::FormInfo::Unmarshalling(OHOS::Parcel&)";
      "OHOS::AppExecFwk::from_json(*)";
      "OHOS::AppExecFwk::from_json(nlohmann::basic_json<std::__1::map, std::__1::vector, std::__1::basic_string<char, std::__1::char_traits<char>, std::__1::allocator<char> > ... )";
      "OHOS::AppExecFwk::from_json(nlohmann::basic_json<std::__1::map, std::__1::vector, std::__1::basic_string<char, std::__1::char_traits<char>, std::__1::allocator<char> >, bool, long, unsigned long, double, std::__1::allocator, nlohmann::adl_serializer, std::__1::vector<unsigned char, std::__1::allocator<unsigned char> > > const&, OHOS::AppExecFwk::AbilityInfo&)";
      "OHOS::AppExecFwk::from_json(nlohmann::basic_json<std::__1::map, std::__1::vector, std::__1::basic_string<char, std::__1::char_traits<char>, std::__1::allocator<char> >, bool, long, unsigned long, double, std::__1::allocator, nlohmann::adl_serializer, std::__1::vector<unsigned char, std::__1::allocator<unsigned char> > > const&, OHOS::AppExecFwk::ApplicationInfo&)";
      "OHOS::AppExecFwk::from_json(nlohmann::basic_json<std::__1::map, std::__1::vector, std::__1::basic_string<char, std::__1::char_traits<char>, std::__1::allocator<char> >, bool, long, unsigned long, double, std::__1::allocator, nlohmann::adl_serializer, std::__1::vector<unsigned char, std::__1::allocator<unsigned char> > > const&, OHOS::AppExecFwk::AppQuickFix&)";
      "OHOS::AppExecFwk::from_json(nlohmann::basic_json<std::__1::map, std::__1::vector, std::__1::basic_string<char, std::__1::char_traits<char>, std::__1::allocator<char> >, bool, long, unsigned long, double, std::__1::allocator, nlohmann::adl_serializer, std::__1::vector<unsigned char, std::__1::allocator<unsigned char> > > const&, OHOS::AppExecFwk::BundleInfo&)";
      "OHOS::AppExecFwk::from_json(nlohmann::basic_json<std::__1::map, std::__1::vector, std::__1::basic_string<char, std::__1::char_traits<char>, std::__1::allocator<char> >, bool, long, unsigned long, double, std::__1::allocator, nlohmann::adl_serializer, std::__1::vector<unsigned char, std::__1::allocator<unsigned char> > > const&, OHOS::AppExecFwk::BundlePackInfo&)";
      "OHOS::AppExecFwk::from_json(nlohmann::basic_json<std::__1::map, std::__1::vector, std::__1::basic_string<char, std::__1::char_traits<char>, std::__1::allocator<char> >, bool, long, unsigned long, double, std::__1::allocator, nlohmann::adl_serializer, std::__1::vector<unsigned char, std::__1::allocator<unsigned char> > > const&, OHOS::AppExecFwk::BundleUserInfo&)";
      "OHOS::AppExecFwk::from_json(nlohmann::basic_json<std::__1::map, std::__1::vector, std::__1::basic_string<char, std::__1::char_traits<char>, std::__1::allocator<char> >, bool, long, unsigned long, double, std::__1::allocator, nlohmann::adl_serializer, std::__1::vector<unsigned char, std::__1::allocator<unsigned char> > > const&, OHOS::AppExecFwk::CommonEventInfo&)";
      "OHOS::AppExecFwk::from_json(nlohmann::basic_json<std::__1::map, std::__1::vector, std::__1::basic_string<char, std::__1::char_traits<char>, std::__1::allocator<char> >, bool, long, unsigned long, double, std::__1::allocator, nlohmann::adl_serializer, std::__1::vector<unsigned char, std::__1::allocator<unsigned char> > > const&, OHOS::AppExecFwk::CustomizeData&)";
      "OHOS::AppExecFwk::from_json(nlohmann::basic_json<std::__1::map, std::__1::vector, std::__1::basic_string<char, std::__1::char_traits<char>, std::__1::allocator<char> >, bool, long, unsigned long, double, std::__1::allocator, nlohmann::adl_serializer, std::__1::vector<unsigned char, std::__1::allocator<unsigned char> > > const&, OHOS::AppExecFwk::DistributedAbilityInfo&)";
      "OHOS::AppExecFwk::from_json(nlohmann::basic_json<std::__1::map, std::__1::vector, std::__1::basic_string<char, std::__1::char_traits<char>, std::__1::allocator<char> >, bool, long, unsigned long, double, std::__1::allocator, nlohmann::adl_serializer, std::__1::vector<unsigned char, std::__1::allocator<unsigned char> > > const&, OHOS::AppExecFwk::DistributedModuleInfo&)";
      "OHOS::AppExecFwk::from_json(nlohmann::basic_json<std::__1::map, std::__1::vector, std::__1::basic_string<char, std::__1::char_traits<char>, std::__1::allocator<char> >, bool, long, unsigned long, double, std::__1::allocator, nlohmann::adl_serializer, std::__1::vector<unsigned char, std::__1::allocator<unsigned char> > > const&, OHOS::AppExecFwk::ExtensionAbilityInfo&)";
      "OHOS::AppExecFwk::from_json(nlohmann::basic_json<std::__1::map, std::__1::vector, std::__1::basic_string<char, std::__1::char_traits<char>, std::__1::allocator<char> >, bool, long, unsigned long, double, std::__1::allocator, nlohmann::adl_serializer, std::__1::vector<unsigned char, std::__1::allocator<unsigned char> > > const&, OHOS::AppExecFwk::FormInfo&)";
      "OHOS::AppExecFwk::from_json(nlohmann::basic_json<std::__1::map, std::__1::vector, std::__1::basic_string<char, std::__1::char_traits<char>, std::__1::allocator<char> >, bool, long, unsigned long, double, std::__1::allocator, nlohmann::adl_serializer, std::__1::vector<unsigned char, std::__1::allocator<unsigned char> > > const&, OHOS::AppExecFwk::HapModuleInfo&)";
      "OHOS::AppExecFwk::from_json(nlohmann::basic_json<std::__1::map, std::__1::vector, std::__1::basic_string<char, std::__1::char_traits<char>, std::__1::allocator<char> >, bool, long, unsigned long, double, std::__1::allocator, nlohmann::adl_serializer, std::__1::vector<unsigned char, std::__1::allocator<unsigned char> > > const&, OHOS::AppExecFwk::HqfInfo&)";
      "OHOS::AppExecFwk::from_json(nlohmann::basic_json<std::__1::map, std::__1::vector, std::__1::basic_string<char, std::__1::char_traits<char>, std::__1::allocator<char> >, bool, long, unsigned long, double, std::__1::allocator, nlohmann::adl_serializer, std::__1::vector<unsigned char, std::__1::allocator<unsigned char> > > const&, OHOS::AppExecFwk::InstallResult&)";
      "OHOS::AppExecFwk::from_json(nlohmann::basic_json<std::__1::map, std::__1::vector, std::__1::basic_string<char, std::__1::char_traits<char>, std::__1::allocator<char> >, bool, long, unsigned long, double, std::__1::allocator, nlohmann::adl_serializer, std::__1::vector<unsigned char, std::__1::allocator<unsigned char> > > const&, OHOS::AppExecFwk::MetaData&)";
      "OHOS::AppExecFwk::from_json(nlohmann::basic_json<std::__1::map, std::__1::vector, std::__1::basic_string<char, std::__1::char_traits<char>, std::__1::allocator<char> >, bool, long, unsigned long, double, std::__1::allocator, nlohmann::adl_serializer, std::__1::vector<unsigned char, std::__1::allocator<unsigned char> > > const&, OHOS::AppExecFwk::Metadata&)";
      "OHOS::AppExecFwk::from_json(nlohmann::basic_json<std::__1::map, std::__1::vector, std::__1::basic_string<char, std::__1::char_traits<char>, std::__1::allocator<char> >, bool, long, unsigned long, double, std::__1::allocator, nlohmann::adl_serializer, std::__1::vector<unsigned char, std::__1::allocator<unsigned char> > > const&, OHOS::AppExecFwk::ModuleInfo&)";
      "OHOS::AppExecFwk::from_json(nlohmann::basic_json<std::__1::map, std::__1::vector, std::__1::basic_string<char, std::__1::char_traits<char>, std::__1::allocator<char> >, bool, long, unsigned long, double, std::__1::allocator, nlohmann::adl_serializer, std::__1::vector<unsigned char, std::__1::allocator<unsigned char> > > const&, OHOS::AppExecFwk::RequestPermission&)";
      "OHOS::AppExecFwk::from_json(nlohmann::basic_json<std::__1::map, std::__1::vector, std::__1::basic_string<char, std::__1::char_traits<char>, std::__1::allocator<char> >, bool, long, unsigned long, double, std::__1::allocator, nlohmann::adl_serializer, std::__1::vector<unsigned char, std::__1::allocator<unsigned char> > > const&, OHOS::AppExecFwk::RequestPermissionUsedScene&)";
      "OHOS::AppExecFwk::from_json(nlohmann::basic_json<std::__1::map, std::__1::vector, std::__1::basic_string<char, std::__1::char_traits<char>, std::__1::allocator<char> >, bool, long, unsigned long, double, std::__1::allocator, nlohmann::adl_serializer, std::__1::vector<unsigned char, std::__1::allocator<unsigned char> > > const&, OHOS::AppExecFwk::RpcIdResult&)";
      "OHOS::AppExecFwk::from_json(nlohmann::basic_json<std::__1::map, std::__1::vector, std::__1::basic_string<char, std::__1::char_traits<char>, std::__1::allocator<char> >, bool, long, unsigned long, double, std::__1::allocator, nlohmann::adl_serializer, std::__1::vector<unsigned char, std::__1::allocator<unsigned char> > > const&, OHOS::AppExecFwk::Shortcut&)";
      "OHOS::AppExecFwk::from_json(nlohmann::basic_json<std::__1::map, std::__1::vector, std::__1::basic_string<char, std::__1::char_traits<char>, std::__1::allocator<char> >, bool, long, unsigned long, double, std::__1::allocator, nlohmann::adl_serializer, std::__1::vector<unsigned char, std::__1::allocator<unsigned char> > > const&, OHOS::AppExecFwk::ShortcutInfo&)";
      "OHOS::AppExecFwk::from_json(nlohmann::basic_json<std::__1::map, std::__1::vector, std::__1::basic_string<char, std::__1::char_traits<char>, std::__1::allocator<char> >, bool, long, unsigned long, double, std::__1::allocator, nlohmann::adl_serializer, std::__1::vector<unsigned char, std::__1::allocator<unsigned char> > > const&, OHOS::AppExecFwk::ShortcutIntent&)";
      "OHOS::AppExecFwk::from_json(nlohmann::basic_json<std::__1::map, std::__1::vector, std::__1::basic_string<char, std::__1::char_traits<char>, std::__1::allocator<char> >, bool, long, unsigned long, double, std::__1::allocator, nlohmann::adl_serializer, std::__1::vector<unsigned char, std::__1::allocator<unsigned char> > > const&, OHOS::AppExecFwk::ShortcutJson&)";
      "OHOS::AppExecFwk::from_json(nlohmann::basic_json<std::__1::map, std::__1::vector, std::__1::basic_string<char, std::__1::char_traits<char>, std::__1::allocator<char> >, bool, long, unsigned long, double, std::__1::allocator, nlohmann::adl_serializer, std::__1::vector<unsigned char, std::__1::allocator<unsigned char> > > const&, OHOS::AppExecFwk::ShortcutWant&)";
      "OHOS::AppExecFwk::from_json(nlohmann::basic_json<std::__1::map, std::__1::vector, std::__1::basic_string<char, std::__1::char_traits<char>, std::__1::allocator<char> >, bool, long, unsigned long, double, std::__1::allocator, nlohmann::adl_serializer, std::__1::vector<unsigned char, std::__1::allocator<unsigned char> > > const&, OHOS::AppExecFwk::SummaryAbilityInfo&)";
      "OHOS::AppExecFwk::from_json(nlohmann::basic_json<std::__h::map, std::__h::vector, std::__h::basic_string<char, std::__h::char_traits<char>, std::__h::allocator<char> >, bool, long long, unsigned long long, double, std::__h::allocator, nlohmann::adl_serializer, std::__h::vector<unsigned char, std::__h::allocator<unsigned char> > > const&, OHOS::AppExecFwk::AbilityInfo&)";
      "OHOS::AppExecFwk::from_json(nlohmann::basic_json<std::__h::map, std::__h::vector, std::__h::basic_string<char, std::__h::char_traits<char>, std::__h::allocator<char> >, bool, long long, unsigned long long, double, std::__h::allocator, nlohmann::adl_serializer, std::__h::vector<unsigned char, std::__h::allocator<unsigned char> > > const&, OHOS::AppExecFwk::ApplicationInfo&)";
      "OHOS::AppExecFwk::from_json(nlohmann::basic_json<std::__h::map, std::__h::vector, std::__h::basic_string<char, std::__h::char_traits<char>, std::__h::allocator<char> >, bool, long long, unsigned long long, double, std::__h::allocator, nlohmann::adl_serializer, std::__h::vector<unsigned char, std::__h::allocator<unsigned char> > > const&, OHOS::AppExecFwk::AppQuickFix&)";
      "OHOS::AppExecFwk::from_json(nlohmann::basic_json<std::__h::map, std::__h::vector, std::__h::basic_string<char, std::__h::char_traits<char>, std::__h::allocator<char> >, bool, long long, unsigned long long, double, std::__h::allocator, nlohmann::adl_serializer, std::__h::vector<unsigned char, std::__h::allocator<unsigned char> > > const&, OHOS::AppExecFwk::BundleInfo&)";
      "OHOS::AppExecFwk::from_json(nlohmann::basic_json<std::__h::map, std::__h::vector, std::__h::basic_string<char, std::__h::char_traits<char>, std::__h::allocator<char> >, bool, long long, unsigned long long, double, std::__h::allocator, nlohmann::adl_serializer, std::__h::vector<unsigned char, std::__h::allocator<unsigned char> > > const&, OHOS::AppExecFwk::BundlePackInfo&)";
      "OHOS::AppExecFwk::from_json(nlohmann::basic_json<std::__h::map, std::__h::vector, std::__h::basic_string<char, std::__h::char_traits<char>, std::__h::allocator<char> >, bool, long long, unsigned long long, double, std::__h::allocator, nlohmann::adl_serializer, std::__h::vector<unsigned char, std::__h::allocator<unsigned char> > > const&, OHOS::AppExecFwk::BundleUserInfo&)";
      "OHOS::AppExecFwk::from_json(nlohmann::basic_json<std::__h::map, std::__h::vector, std::__h::basic_string<char, std::__h::char_traits<char>, std::__h::allocator<char> >, bool, long long, unsigned long long, double, std::__h::allocator, nlohmann::adl_serializer, std::__h::vector<unsigned char, std::__h::allocator<unsigned char> > > const&, OHOS::AppExecFwk::CommonEventInfo&)";
      "OHOS::AppExecFwk::from_json(nlohmann::basic_json<std::__h::map, std::__h::vector, std::__h::basic_string<char, std::__h::char_traits<char>, std::__h::allocator<char> >, bool, long long, unsigned long long, double, std::__h::allocator, nlohmann::adl_serializer, std::__h::vector<unsigned char, std::__h::allocator<unsigned char> > > const&, OHOS::AppExecFwk::CustomizeData&)";
      "OHOS::AppExecFwk::from_json(nlohmann::basic_json<std::__h::map, std::__h::vector, std::__h::basic_string<char, std::__h::char_traits<char>, std::__h::allocator<char> >, bool, long long, unsigned long long, double, std::__h::allocator, nlohmann::adl_serializer, std::__h::vector<unsigned char, std::__h::allocator<unsigned char> > > const&, OHOS::AppExecFwk::DistributedAbilityInfo&)";
      "OHOS::AppExecFwk::from_json(nlohmann::basic_json<std::__h::map, std::__h::vector, std::__h::basic_string<char, std::__h::char_traits<char>, std::__h::allocator<char> >, bool, long long, unsigned long long, double, std::__h::allocator, nlohmann::adl_serializer, std::__h::vector<unsigned char, std::__h::allocator<unsigned char> > > const&, OHOS::AppExecFwk::DistributedModuleInfo&)";
      "OHOS::AppExecFwk::from_json(nlohmann::basic_json<std::__h::map, std::__h::vector, std::__h::basic_string<char, std::__h::char_traits<char>, std::__h::allocator<char> >, bool, long long, unsigned long long, double, std::__h::allocator, nlohmann::adl_serializer, std::__h::vector<unsigned char, std::__h::allocator<unsigned char> > > const&, OHOS::AppExecFwk::ExtensionAbilityInfo&)";
      "OHOS::AppExecFwk::from_json(nlohmann::basic_json<std::__h::map, std::__h::vector, std::__h::basic_string<char, std::__h::char_traits<char>, std::__h::allocator<char> >, bool, long long, unsigned long long, double, std::__h::allocator, nlohmann::adl_serializer, std::__h::vector<unsigned char, std::__h::allocator<unsigned char> > > const&, OHOS::AppExecFwk::FormInfo&)";
      "OHOS::AppExecFwk::from_json(nlohmann::basic_json<std::__h::map, std::__h::vector, std::__h::basic_string<char, std::__h::char_traits<char>, std::__h::allocator<char> >, bool, long long, unsigned long long, double, std::__h::allocator, nlohmann::adl_serializer, std::__h::vector<unsigned char, std::__h::allocator<unsigned char> > > const&, OHOS::AppExecFwk::HapModuleInfo&)";
      "OHOS::AppExecFwk::from_json(nlohmann::basic_json<std::__h::map, std::__h::vector, std::__h::basic_string<char, std::__h::char_traits<char>, std::__h::allocator<char> >, bool, long long, unsigned long long, double, std::__h::allocator, nlohmann::adl_serializer, std::__h::vector<unsigned char, std::__h::allocator<unsigned char> > > const&, OHOS::AppExecFwk::HqfInfo&)";
      "OHOS::AppExecFwk::from_json(nlohmann::basic_json<std::__h::map, std::__h::vector, std::__h::basic_string<char, std::__h::char_traits<char>, std::__h::allocator<char> >, bool, long long, unsigned long long, double, std::__h::allocator, nlohmann::adl_serializer, std::__h::vector<unsigned char, std::__h::allocator<unsigned char> > > const&, OHOS::AppExecFwk::InstallResult&)";
      "OHOS::AppExecFwk::from_json(nlohmann::basic_json<std::__h::map, std::__h::vector, std::__h::basic_string<char, std::__h::char_traits<char>, std::__h::allocator<char> >, bool, long long, unsigned long long, double, std::__h::allocator, nlohmann::adl_serializer, std::__h::vector<unsigned char, std::__h::allocator<unsigned char> > > const&, OHOS::AppExecFwk::MetaData&)";
      "OHOS::AppExecFwk::from_json(nlohmann::basic_json<std::__h::map, std::__h::vector, std::__h::basic_string<char, std::__h::char_traits<char>, std::__h::allocator<char> >, bool, long long, unsigned long long, double, std::__h::allocator, nlohmann::adl_serializer, std::__h::vector<unsigned char, std::__h::allocator<unsigned char> > > const&, OHOS::AppExecFwk::Metadata&)";
      "OHOS::AppExecFwk::from_json(nlohmann::basic_json<std::__h::map, std::__h::vector, std::__h::basic_string<char, std::__h::char_traits<char>, std::__h::allocator<char> >, bool, long long, unsigned long long, double, std::__h::allocator, nlohmann::adl_serializer, std::__h::vector<unsigned char, std::__h::allocator<unsigned char> > > const&, OHOS::AppExecFwk::ModuleInfo&)";
      "OHOS::AppExecFwk::from_json(nlohmann::basic_json<std::__h::map, std::__h::vector, std::__h::basic_string<char, std::__h::char_traits<char>, std::__h::allocator<char> >, bool, long long, unsigned long long, double, std::__h::allocator, nlohmann::adl_serializer, std::__h::vector<unsigned char, std::__h::allocator<unsigned char> > > const&, OHOS::AppExecFwk::RequestPermission&)";
      "OHOS::AppExecFwk::from_json(nlohmann::basic_json<std::__h::map, std::__h::vector, std::__h::basic_string<char, std::__h::char_traits<char>, std::__h::allocator<char> >, bool, long long, unsigned long long, double, std::__h::allocator, nlohmann::adl_serializer, std::__h::vector<unsigned char, std::__h::allocator<unsigned char> > > const&, OHOS::AppExecFwk::RequestPermissionUsedScene&)";
      "OHOS::AppExecFwk::from_json(nlohmann::basic_json<std::__h::map, std::__h::vector, std::__h::basic_string<char, std::__h::char_traits<char>, std::__h::allocator<char> >, bool, long long, unsigned long long, double, std::__h::allocator, nlohmann::adl_serializer, std::__h::vector<unsigned char, std::__h::allocator<unsigned char> > > const&, OHOS::AppExecFwk::RpcIdResult&)";
      "OHOS::AppExecFwk::from_json(nlohmann::basic_json<std::__h::map, std::__h::vector, std::__h::basic_string<char, std::__h::char_traits<char>, std::__h::allocator<char> >, bool, long long, unsigned long long, double, std::__h::allocator, nlohmann::adl_serializer, std::__h::vector<unsigned char, std::__h::allocator<unsigned char> > > const&, OHOS::AppExecFwk::Shortcut&)";
      "OHOS::AppExecFwk::from_json(nlohmann::basic_json<std::__h::map, std::__h::vector, std::__h::basic_string<char, std::__h::char_traits<char>, std::__h::allocator<char> >, bool, long long, unsigned long long, double, std::__h::allocator, nlohmann::adl_serializer, std::__h::vector<unsigned char, std::__h::allocator<unsigned char> > > const&, OHOS::AppExecFwk::ShortcutInfo&)";
      "OHOS::AppExecFwk::from_json(nlohmann::basic_json<std::__h::map, std::__h::vector, std::__h::basic_string<char, std::__h::char_traits<char>, std::__h::allocator<char> >, bool, long long, unsigned long long, double, std::__h::allocator, nlohmann::adl_serializer, std::__h::vector<unsigned char, std::__h::allocator<unsigned char> > > const&, OHOS::AppExecFwk::ShortcutIntent&)";
      "OHOS::AppExecFwk::from_json(nlohmann::basic_json<std::__h::map, std::__h::vector, std::__h::basic_string<char, std::__h::char_traits<char>, std::__h::allocator<char> >, bool, long long, unsigned long long, double, std::__h::allocator, nlohmann::adl_serializer, std::__h::vector<unsigned char, std::__h::allocator<unsigned char> > > const&, OHOS::AppExecFwk::ShortcutJson&)";
      "OHOS::AppExecFwk::from_json(nlohmann::basic_json<std::__h::map, std::__h::vector, std::__h::basic_string<char, std::__h::char_traits<char>, std::__h::allocator<char> >, bool, long long, unsigned long long, double, std::__h::allocator, nlohmann::adl_serializer, std::__h::vector<unsigned char, std::__h::allocator<unsigned char> > > const&, OHOS::AppExecFwk::ShortcutWant&)";
      "OHOS::AppExecFwk::from_json(nlohmann::basic_json<std::__h::map, std::__h::vector, std::__h::basic_string<char, std::__h::char_traits<char>, std::__h::allocator<char> >, bool, long long, unsigned long long, double, std::__h::allocator, nlohmann::adl_serializer, std::__h::vector<unsigned char, std::__h::allocator<unsigned char> > > const&, OHOS::AppExecFwk::SummaryAbilityInfo&)";
      "OHOS::AppExecFwk::from_json(nlohmann::basic_json<std::__h::map, std::__h::vector, std::__h::basic_string<char, std::__h::char_traits<char>, std::__h::allocator<char> >, bool, long, unsigned long, double, std::__h::allocator, nlohmann::adl_serializer, std::__h::vector<unsigned char, std::__h::allocator<unsigned char> > > const&, *)";
      "OHOS::AppExecFwk::from_json(nlohmann::basic_json<std::__h::map, std::__h::vector, std::__h::basic_string<char, std::__h::char_traits<char>, std::__h::allocator<char> >, bool, long, unsigned long, double, std::__h::allocator, nlohmann::adl_serializer, std::__h::vector<unsigned char, std::__h::allocator<unsigned char> > > const&, OHOS::AppExecFwk::AbilityInfo&)";
      "OHOS::AppExecFwk::from_json(nlohmann::basic_json<std::__h::map, std::__h::vector, std::__h::basic_string<char, std::__h::char_traits<char>, std::__h::allocator<char> >, bool, long, unsigned long, double, std::__h::allocator, nlohmann::adl_serializer, std::__h::vector<unsigned char, std::__h::allocator<unsigned char> > > const&, OHOS::AppExecFwk::ApplicationInfo&)";
      "OHOS::AppExecFwk::from_json(nlohmann::basic_json<std::__h::map, std::__h::vector, std::__h::basic_string<char, std::__h::char_traits<char>, std::__h::allocator<char> >, bool, long, unsigned long, double, std::__h::allocator, nlohmann::adl_serializer, std::__h::vector<unsigned char, std::__h::allocator<unsigned char> > > const&, OHOS::AppExecFwk::AppQuickFix&)";
      "OHOS::AppExecFwk::from_json(nlohmann::basic_json<std::__h::map, std::__h::vector, std::__h::basic_string<char, std::__h::char_traits<char>, std::__h::allocator<char> >, bool, long, unsigned long, double, std::__h::allocator, nlohmann::adl_serializer, std::__h::vector<unsigned char, std::__h::allocator<unsigned char> > > const&, OHOS::AppExecFwk::BundleInfo&)";
      "OHOS::AppExecFwk::from_json(nlohmann::basic_json<std::__h::map, std::__h::vector, std::__h::basic_string<char, std::__h::char_traits<char>, std::__h::allocator<char> >, bool, long, unsigned long, double, std::__h::allocator, nlohmann::adl_serializer, std::__h::vector<unsigned char, std::__h::allocator<unsigned char> > > const&, OHOS::AppExecFwk::BundlePackInfo&)";
      "OHOS::AppExecFwk::from_json(nlohmann::basic_json<std::__h::map, std::__h::vector, std::__h::basic_string<char, std::__h::char_traits<char>, std::__h::allocator<char> >, bool, long, unsigned long, double, std::__h::allocator, nlohmann::adl_serializer, std::__h::vector<unsigned char, std::__h::allocator<unsigned char> > > const&, OHOS::AppExecFwk::BundleUserInfo&)";
      "OHOS::AppExecFwk::from_json(nlohmann::basic_json<std::__h::map, std::__h::vector, std::__h::basic_string<char, std::__h::char_traits<char>, std::__h::allocator<char> >, bool, long, unsigned long, double, std::__h::allocator, nlohmann::adl_serializer, std::__h::vector<unsigned char, std::__h::allocator<unsigned char> > > const&, OHOS::AppExecFwk::CommonEventInfo&)";
      "OHOS::AppExecFwk::from_json(nlohmann::basic_json<std::__h::map, std::__h::vector, std::__h::basic_string<char, std::__h::char_traits<char>, std::__h::allocator<char> >, bool, long, unsigned long, double, std::__h::allocator, nlohmann::adl_serializer, std::__h::vector<unsigned char, std::__h::allocator<unsigned char> > > const&, OHOS::AppExecFwk::CustomizeData&)";
      "OHOS::AppExecFwk::from_json(nlohmann::basic_json<std::__h::map, std::__h::vector, std::__h::basic_string<char, std::__h::char_traits<char>, std::__h::allocator<char> >, bool, long, unsigned long, double, std::__h::allocator, nlohmann::adl_serializer, std::__h::vector<unsigned char, std::__h::allocator<unsigned char> > > const&, OHOS::AppExecFwk::DistributedAbilityInfo&)";
      "OHOS::AppExecFwk::from_json(nlohmann::basic_json<std::__h::map, std::__h::vector, std::__h::basic_string<char, std::__h::char_traits<char>, std::__h::allocator<char> >, bool, long, unsigned long, double, std::__h::allocator, nlohmann::adl_serializer, std::__h::vector<unsigned char, std::__h::allocator<unsigned char> > > const&, OHOS::AppExecFwk::DistributedModuleInfo&)";
      "OHOS::AppExecFwk::from_json(nlohmann::basic_json<std::__h::map, std::__h::vector, std::__h::basic_string<char, std::__h::char_traits<char>, std::__h::allocator<char> >, bool, long, unsigned long, double, std::__h::allocator, nlohmann::adl_serializer, std::__h::vector<unsigned char, std::__h::allocator<unsigned char> > > const&, OHOS::AppExecFwk::ExtensionAbilityInfo&)";
      "OHOS::AppExecFwk::from_json(nlohmann::basic_json<std::__h::map, std::__h::vector, std::__h::basic_string<char, std::__h::char_traits<char>, std::__h::allocator<char> >, bool, long, unsigned long, double, std::__h::allocator, nlohmann::adl_serializer, std::__h::vector<unsigned char, std::__h::allocator<unsigned char> > > const&, OHOS::AppExecFwk::FormInfo&)";
      "OHOS::AppExecFwk::from_json(nlohmann::basic_json<std::__h::map, std::__h::vector, std::__h::basic_string<char, std::__h::char_traits<char>, std::__h::allocator<char> >, bool, long, unsigned long, double, std::__h::allocator, nlohmann::adl_serializer, std::__h::vector<unsigned char, std::__h::allocator<unsigned char> > > const&, OHOS::AppExecFwk::HapModuleInfo&)";
      "OHOS::AppExecFwk::from_json(nlohmann::basic_json<std::__h::map, std::__h::vector, std::__h::basic_string<char, std::__h::char_traits<char>, std::__h::allocator<char> >, bool, long, unsigned long, double, std::__h::allocator, nlohmann::adl_serializer, std::__h::vector<unsigned char, std::__h::allocator<unsigned char> > > const&, OHOS::AppExecFwk::HqfInfo&)";
      "OHOS::AppExecFwk::from_json(nlohmann::basic_json<std::__h::map, std::__h::vector, std::__h::basic_string<char, std::__h::char_traits<char>, std::__h::allocator<char> >, bool, long, unsigned long, double, std::__h::allocator, nlohmann::adl_serializer, std::__h::vector<unsigned char, std::__h::allocator<unsigned char> > > const&, OHOS::AppExecFwk::InstallResult&)";
      "OHOS::AppExecFwk::from_json(nlohmann::basic_json<std::__h::map, std::__h::vector, std::__h::basic_string<char, std::__h::char_traits<char>, std::__h::allocator<char> >, bool, long, unsigned long, double, std::__h::allocator, nlohmann::adl_serializer, std::__h::vector<unsigned char, std::__h::allocator<unsigned char> > > const&, OHOS::AppExecFwk::MetaData&)";
      "OHOS::AppExecFwk::from_json(nlohmann::basic_json<std::__h::map, std::__h::vector, std::__h::basic_string<char, std::__h::char_traits<char>, std::__h::allocator<char> >, bool, long, unsigned long, double, std::__h::allocator, nlohmann::adl_serializer, std::__h::vector<unsigned char, std::__h::allocator<unsigned char> > > const&, OHOS::AppExecFwk::Metadata&)";
      "OHOS::AppExecFwk::from_json(nlohmann::basic_json<std::__h::map, std::__h::vector, std::__h::basic_string<char, std::__h::char_traits<char>, std::__h::allocator<char> >, bool, long, unsigned long, double, std::__h::allocator, nlohmann::adl_serializer, std::__h::vector<unsigned char, std::__h::allocator<unsigned char> > > const&, OHOS::AppExecFwk::ModuleInfo&)";
      "OHOS::AppExecFwk::from_json(nlohmann::basic_json<std::__h::map, std::__h::vector, std::__h::basic_string<char, std::__h::char_traits<char>, std::__h::allocator<char> >, bool, long, unsigned long, double, std::__h::allocator, nlohmann::adl_serializer, std::__h::vector<unsigned char, std::__h::allocator<unsigned char> > > const&, OHOS::AppExecFwk::RequestPermission&)";
      "OHOS::AppExecFwk::from_json(nlohmann::basic_json<std::__h::map, std::__h::vector, std::__h::basic_string<char, std::__h::char_traits<char>, std::__h::allocator<char> >, bool, long, unsigned long, double, std::__h::allocator, nlohmann::adl_serializer, std::__h::vector<unsigned char, std::__h::allocator<unsigned char> > > const&, OHOS::AppExecFwk::RequestPermissionUsedScene&)";
      "OHOS::AppExecFwk::from_json(nlohmann::basic_json<std::__h::map, std::__h::vector, std::__h::basic_string<char, std::__h::char_traits<char>, std::__h::allocator<char> >, bool, long, unsigned long, double, std::__h::allocator, nlohmann::adl_serializer, std::__h::vector<unsigned char, std::__h::allocator<unsigned char> > > const&, OHOS::AppExecFwk::RpcIdResult&)";
      "OHOS::AppExecFwk::from_json(nlohmann::basic_json<std::__h::map, std::__h::vector, std::__h::basic_string<char, std::__h::char_traits<char>, std::__h::allocator<char> >, bool, long, unsigned long, double, std::__h::allocator, nlohmann::adl_serializer, std::__h::vector<unsigned char, std::__h::allocator<unsigned char> > > const&, OHOS::AppExecFwk::Shortcut&)";
      "OHOS::AppExecFwk::from_json(nlohmann::basic_json<std::__h::map, std::__h::vector, std::__h::basic_string<char, std::__h::char_traits<char>, std::__h::allocator<char> >, bool, long, unsigned long, double, std::__h::allocator, nlohmann::adl_serializer, std::__h::vector<unsigned char, std::__h::allocator<unsigned char> > > const&, OHOS::AppExecFwk::ShortcutInfo&)";
      "OHOS::AppExecFwk::from_json(nlohmann::basic_json<std::__h::map, std::__h::vector, std::__h::basic_string<char, std::__h::char_traits<char>, std::__h::allocator<char> >, bool, long, unsigned long, double, std::__h::allocator, nlohmann::adl_serializer, std::__h::vector<unsigned char, std::__h::allocator<unsigned char> > > const&, OHOS::AppExecFwk::ShortcutIntent&)";
      "OHOS::AppExecFwk::from_json(nlohmann::basic_json<std::__h::map, std::__h::vector, std::__h::basic_string<char, std::__h::char_traits<char>, std::__h::allocator<char> >, bool, long, unsigned long, double, std::__h::allocator, nlohmann::adl_serializer, std::__h::vector<unsigned char, std::__h::allocator<unsigned char> > > const&, OHOS::AppExecFwk::ShortcutJson&)";
      "OHOS::AppExecFwk::from_json(nlohmann::basic_json<std::__h::map, std::__h::vector, std::__h::basic_string<char, std::__h::char_traits<char>, std::__h::allocator<char> >, bool, long, unsigned long, double, std::__h::allocator, nlohmann::adl_serializer, std::__h::vector<unsigned char, std::__h::allocator<unsigned char> > > const&, OHOS::AppExecFwk::ShortcutWant&)";
      "OHOS::AppExecFwk::from_json(nlohmann::basic_json<std::__h::map, std::__h::vector, std::__h::basic_string<char, std::__h::char_traits<char>, std::__h::allocator<char> >, bool, long, unsigned long, double, std::__h::allocator, nlohmann::adl_serializer, std::__h::vector<unsigned char, std::__h::allocator<unsigned char> > > const&, OHOS::AppExecFwk::SummaryAbilityInfo&)";
      "OHOS::AppExecFwk::HapModuleInfo::Marshalling(OHOS::Parcel&) const";
      "OHOS::AppExecFwk::HapModuleInfo::ReadFromParcel(OHOS::Parcel&)";
      "OHOS::AppExecFwk::HapModuleInfo::Unmarshalling(OHOS::Parcel&)";
      "OHOS::AppExecFwk::HqfInfo::Marshalling(OHOS::Parcel&) const";
      "OHOS::AppExecFwk::InstallParam::Marshalling(OHOS::Parcel&) const";
      "OHOS::AppExecFwk::InstallParam::ReadFromParcel(OHOS::Parcel&)";
      "OHOS::AppExecFwk::InstallParam::Unmarshalling(OHOS::Parcel&)";
      "OHOS::AppExecFwk::Metadata::Marshalling(OHOS::Parcel&) const";
      "OHOS::AppExecFwk::Metadata::Metadata(std::__1::basic_string<char, std::__1::char_traits<char>, std::__1::allocator<char> > const&, std::__1::basic_string<char, std::__1::char_traits<char>, std::__1::allocator<char> > const&, std::__1::basic_string<char, std::__1::char_traits<char>, std::__1::allocator<char> > const&)";
      "OHOS::AppExecFwk::Metadata::Metadata(std::__h::basic_string<char, std::__h::char_traits<char>, std::__h::allocator<char> > const&, std::__h::basic_string<char, std::__h::char_traits<char>, std::__h::allocator<char> > const&, std::__h::basic_string<char, std::__h::char_traits<char>, std::__h::allocator<char> > const&)";
      "OHOS::AppExecFwk::ModuleInfo::Marshalling(OHOS::Parcel&) const";
      "OHOS::AppExecFwk::ModuleInfo::ReadFromParcel(OHOS::Parcel&)";
      "OHOS::AppExecFwk::ModuleInfo::Unmarshalling(OHOS::Parcel&)";
      "OHOS::AppExecFwk::PerfProfile::Dump() const";
      "OHOS::AppExecFwk::PerfProfile::GetAbilityLoadEndTime() const";
      "OHOS::AppExecFwk::PerfProfile::GetAbilityLoadStartTime() const";
      "OHOS::AppExecFwk::PerfProfile::GetAmsLoadEndTime() const";
      "OHOS::AppExecFwk::PerfProfile::GetAmsLoadStartTime() const";
      "OHOS::AppExecFwk::PerfProfile::GetAppForkEndTime() const";
      "OHOS::AppExecFwk::PerfProfile::GetAppForkStartTime() const";
      "OHOS::AppExecFwk::PerfProfile::GetBmsLoadEndTime() const";
      "OHOS::AppExecFwk::PerfProfile::GetBmsLoadStartTime() const";
      "OHOS::AppExecFwk::PerfProfile::GetBundleDownloadEndTime() const";
      "OHOS::AppExecFwk::PerfProfile::GetBundleDownloadStartTime() const";
      "OHOS::AppExecFwk::PerfProfile::GetBundleInstallStartTime() const";
      "OHOS::AppExecFwk::PerfProfile::GetBundleParseEndTime() const";
      "OHOS::AppExecFwk::PerfProfile::GetBundleParseStartTime() const";
      "OHOS::AppExecFwk::PerfProfile::GetBundleScanEndTime() const";
      "OHOS::AppExecFwk::PerfProfile::GetBundleScanStartTime() const";
      "OHOS::AppExecFwk::PerfProfile::GetBundleTotalInstallTime() const";
      "OHOS::AppExecFwk::PerfProfile::GetBundleUninstallEndTime() const";
      "OHOS::AppExecFwk::PerfProfile::GetBundleUninstallStartTime() const";
      "OHOS::AppExecFwk::PerfProfile::GetPerfProfileEnabled() const";
      "OHOS::AppExecFwk::PerfProfile::PerfProfile()";
      "OHOS::AppExecFwk::PerfProfile::Reset()";
      "OHOS::AppExecFwk::PerfProfile::SetAbilityLoadEndTime(long long)";
      "OHOS::AppExecFwk::PerfProfile::SetAbilityLoadEndTime(long)";
      "OHOS::AppExecFwk::PerfProfile::SetAbilityLoadStartTime(long long)";
      "OHOS::AppExecFwk::PerfProfile::SetAbilityLoadStartTime(long)";
      "OHOS::AppExecFwk::PerfProfile::SetAmsLoadEndTime(long long)";
      "OHOS::AppExecFwk::PerfProfile::SetAmsLoadEndTime(long)";
      "OHOS::AppExecFwk::PerfProfile::SetAmsLoadStartTime(long long)";
      "OHOS::AppExecFwk::PerfProfile::SetAmsLoadStartTime(long)";
      "OHOS::AppExecFwk::PerfProfile::SetAppForkEndTime(long long)";
      "OHOS::AppExecFwk::PerfProfile::SetAppForkEndTime(long)";
      "OHOS::AppExecFwk::PerfProfile::SetAppForkStartTime(long long)";
      "OHOS::AppExecFwk::PerfProfile::SetAppForkStartTime(long)";
      "OHOS::AppExecFwk::PerfProfile::SetBmsLoadEndTime(long long)";
      "OHOS::AppExecFwk::PerfProfile::SetBmsLoadEndTime(long)";
      "OHOS::AppExecFwk::PerfProfile::SetBmsLoadStartTime(long long)";
      "OHOS::AppExecFwk::PerfProfile::SetBmsLoadStartTime(long)";
      "OHOS::AppExecFwk::PerfProfile::SetBundleDownloadEndTime(long long)";
      "OHOS::AppExecFwk::PerfProfile::SetBundleDownloadEndTime(long)";
      "OHOS::AppExecFwk::PerfProfile::SetBundleDownloadStartTime(long long)";
      "OHOS::AppExecFwk::PerfProfile::SetBundleDownloadStartTime(long)";
      "OHOS::AppExecFwk::PerfProfile::SetBundleInstallEndTime(long long)";
      "OHOS::AppExecFwk::PerfProfile::SetBundleInstallEndTime(long)";
      "OHOS::AppExecFwk::PerfProfile::SetBundleInstallStartTime(long long)";
      "OHOS::AppExecFwk::PerfProfile::SetBundleInstallStartTime(long)";
      "OHOS::AppExecFwk::PerfProfile::SetBundleParseEndTime(long long)";
      "OHOS::AppExecFwk::PerfProfile::SetBundleParseEndTime(long)";
      "OHOS::AppExecFwk::PerfProfile::SetBundleParseStartTime(long long)";
      "OHOS::AppExecFwk::PerfProfile::SetBundleParseStartTime(long)";
      "OHOS::AppExecFwk::PerfProfile::SetBundleScanEndTime(long long)";
      "OHOS::AppExecFwk::PerfProfile::SetBundleScanEndTime(long)";
      "OHOS::AppExecFwk::PerfProfile::SetBundleScanStartTime(long long)";
      "OHOS::AppExecFwk::PerfProfile::SetBundleScanStartTime(long)";
      "OHOS::AppExecFwk::PerfProfile::SetBundleUninstallEndTime(long long)";
      "OHOS::AppExecFwk::PerfProfile::SetBundleUninstallEndTime(long)";
      "OHOS::AppExecFwk::PerfProfile::SetBundleUninstallStartTime(long long)";
      "OHOS::AppExecFwk::PerfProfile::SetBundleUninstallStartTime(long)";
      "OHOS::AppExecFwk::PerfProfile::SetPerfProfileEnabled(bool)";
      "OHOS::AppExecFwk::PerfProfile::~PerfProfile()";
      "OHOS::AppExecFwk::PermissionDef::Marshalling(OHOS::Parcel&) const";
      "OHOS::AppExecFwk::PermissionDef::ReadFromParcel(OHOS::Parcel&)";
      "OHOS::AppExecFwk::PermissionDef::Unmarshalling(OHOS::Parcel&)";
      "OHOS::AppExecFwk::RemoteAbilityInfo::Marshalling(OHOS::Parcel&) const";
      "OHOS::AppExecFwk::RemoteAbilityInfo::ReadFromParcel(OHOS::Parcel&)";
      "OHOS::AppExecFwk::RemoteAbilityInfo::Unmarshalling(OHOS::Parcel&)";
      "OHOS::AppExecFwk::RequestPermission::Marshalling(OHOS::Parcel&) const";
      "OHOS::AppExecFwk::RequestPermissionUsedScene::Marshalling(OHOS::Parcel&) const";
      "OHOS::AppExecFwk::SharedBundleInfo::Marshalling(OHOS::Parcel&) const";
      "OHOS::AppExecFwk::SharedBundleInfo::ReadFromParcel(OHOS::Parcel&)";
      "OHOS::AppExecFwk::SharedBundleInfo::Unmarshalling(OHOS::Parcel&)";
      "OHOS::AppExecFwk::SharedModuleInfo::Marshalling(OHOS::Parcel&) const";
      "OHOS::AppExecFwk::SharedModuleInfo::ReadFromParcel(OHOS::Parcel&)";
      "OHOS::AppExecFwk::SharedModuleInfo::Unmarshalling(OHOS::Parcel&)";
      "OHOS::AppExecFwk::ShortcutInfo::Marshalling(OHOS::Parcel&) const";
      "OHOS::AppExecFwk::ShortcutInfo::ReadFromParcel(OHOS::Parcel&)";
      "OHOS::AppExecFwk::ShortcutInfo::Unmarshalling(OHOS::Parcel&)";
      "OHOS::AppExecFwk::SummaryAbilityInfo::Marshalling(OHOS::Parcel&) const";
      "OHOS::AppExecFwk::SummaryAbilityInfo::Unmarshalling(OHOS::Parcel&)";
      "OHOS::AppExecFwk::to_json(nlohmann::basic_json<std::__1::map, std::__1::vector, std::__1::basic_string<char, std::__1::char_traits<char>, std::__1::allocator<char> >, bool, long, unsigned long, double, std::__1::allocator, nlohmann::adl_serializer, std::__1::vector<unsigned char, std::__1::allocator<unsigned char> > >&, OHOS::AppExecFwk::AbilityInfo const&)";
      "OHOS::AppExecFwk::to_json(nlohmann::basic_json<std::__1::map, std::__1::vector, std::__1::basic_string<char, std::__1::char_traits<char>, std::__1::allocator<char> >, bool, long, unsigned long, double, std::__1::allocator, nlohmann::adl_serializer, std::__1::vector<unsigned char, std::__1::allocator<unsigned char> > >&, OHOS::AppExecFwk::ApplicationInfo const&)";
      "OHOS::AppExecFwk::to_json(nlohmann::basic_json<std::__1::map, std::__1::vector, std::__1::basic_string<char, std::__1::char_traits<char>, std::__1::allocator<char> >, bool, long, unsigned long, double, std::__1::allocator, nlohmann::adl_serializer, std::__1::vector<unsigned char, std::__1::allocator<unsigned char> > >&, OHOS::AppExecFwk::AppQuickFix const&)";
      "OHOS::AppExecFwk::to_json(nlohmann::basic_json<std::__1::map, std::__1::vector, std::__1::basic_string<char, std::__1::char_traits<char>, std::__1::allocator<char> >, bool, long, unsigned long, double, std::__1::allocator, nlohmann::adl_serializer, std::__1::vector<unsigned char, std::__1::allocator<unsigned char> > >&, OHOS::AppExecFwk::BundleInfo const&)";
      "OHOS::AppExecFwk::to_json(nlohmann::basic_json<std::__1::map, std::__1::vector, std::__1::basic_string<char, std::__1::char_traits<char>, std::__1::allocator<char> >, bool, long, unsigned long, double, std::__1::allocator, nlohmann::adl_serializer, std::__1::vector<unsigned char, std::__1::allocator<unsigned char> > >&, OHOS::AppExecFwk::BundlePackInfo const&)";
      "OHOS::AppExecFwk::to_json(nlohmann::basic_json<std::__1::map, std::__1::vector, std::__1::basic_string<char, std::__1::char_traits<char>, std::__1::allocator<char> >, bool, long, unsigned long, double, std::__1::allocator, nlohmann::adl_serializer, std::__1::vector<unsigned char, std::__1::allocator<unsigned char> > >&, OHOS::AppExecFwk::BundleUserInfo const&)";
      "OHOS::AppExecFwk::to_json(nlohmann::basic_json<std::__1::map, std::__1::vector, std::__1::basic_string<char, std::__1::char_traits<char>, std::__1::allocator<char> >, bool, long, unsigned long, double, std::__1::allocator, nlohmann::adl_serializer, std::__1::vector<unsigned char, std::__1::allocator<unsigned char> > >&, OHOS::AppExecFwk::CommonEventInfo const&)";
      "OHOS::AppExecFwk::to_json(nlohmann::basic_json<std::__1::map, std::__1::vector, std::__1::basic_string<char, std::__1::char_traits<char>, std::__1::allocator<char> >, bool, long, unsigned long, double, std::__1::allocator, nlohmann::adl_serializer, std::__1::vector<unsigned char, std::__1::allocator<unsigned char> > >&, OHOS::AppExecFwk::CustomizeData const&)";
      "OHOS::AppExecFwk::to_json(nlohmann::basic_json<std::__1::map, std::__1::vector, std::__1::basic_string<char, std::__1::char_traits<char>, std::__1::allocator<char> >, bool, long, unsigned long, double, std::__1::allocator, nlohmann::adl_serializer, std::__1::vector<unsigned char, std::__1::allocator<unsigned char> > >&, OHOS::AppExecFwk::DistributedAbilityInfo const&)";
      "OHOS::AppExecFwk::to_json(nlohmann::basic_json<std::__1::map, std::__1::vector, std::__1::basic_string<char, std::__1::char_traits<char>, std::__1::allocator<char> >, bool, long, unsigned long, double, std::__1::allocator, nlohmann::adl_serializer, std::__1::vector<unsigned char, std::__1::allocator<unsigned char> > >&, OHOS::AppExecFwk::DistributedModuleInfo const&)";
      "OHOS::AppExecFwk::to_json(nlohmann::basic_json<std::__1::map, std::__1::vector, std::__1::basic_string<char, std::__1::char_traits<char>, std::__1::allocator<char> >, bool, long, unsigned long, double, std::__1::allocator, nlohmann::adl_serializer, std::__1::vector<unsigned char, std::__1::allocator<unsigned char> > >&, OHOS::AppExecFwk::ExtensionAbilityInfo const&)";
      "OHOS::AppExecFwk::to_json(nlohmann::basic_json<std::__1::map, std::__1::vector, std::__1::basic_string<char, std::__1::char_traits<char>, std::__1::allocator<char> >, bool, long, unsigned long, double, std::__1::allocator, nlohmann::adl_serializer, std::__1::vector<unsigned char, std::__1::allocator<unsigned char> > >&, OHOS::AppExecFwk::FormInfo const&)";
      "OHOS::AppExecFwk::to_json(nlohmann::basic_json<std::__1::map, std::__1::vector, std::__1::basic_string<char, std::__1::char_traits<char>, std::__1::allocator<char> >, bool, long, unsigned long, double, std::__1::allocator, nlohmann::adl_serializer, std::__1::vector<unsigned char, std::__1::allocator<unsigned char> > >&, OHOS::AppExecFwk::HapModuleInfo const&)";
      "OHOS::AppExecFwk::to_json(nlohmann::basic_json<std::__1::map, std::__1::vector, std::__1::basic_string<char, std::__1::char_traits<char>, std::__1::allocator<char> >, bool, long, unsigned long, double, std::__1::allocator, nlohmann::adl_serializer, std::__1::vector<unsigned char, std::__1::allocator<unsigned char> > >&, OHOS::AppExecFwk::HqfInfo const&)";
      "OHOS::AppExecFwk::to_json(nlohmann::basic_json<std::__1::map, std::__1::vector, std::__1::basic_string<char, std::__1::char_traits<char>, std::__1::allocator<char> >, bool, long, unsigned long, double, std::__1::allocator, nlohmann::adl_serializer, std::__1::vector<unsigned char, std::__1::allocator<unsigned char> > >&, OHOS::AppExecFwk::Metadata const&)";
      "OHOS::AppExecFwk::to_json(nlohmann::basic_json<std::__1::map, std::__1::vector, std::__1::basic_string<char, std::__1::char_traits<char>, std::__1::allocator<char> >, bool, long, unsigned long, double, std::__1::allocator, nlohmann::adl_serializer, std::__1::vector<unsigned char, std::__1::allocator<unsigned char> > >&, OHOS::AppExecFwk::MetaData const&)";
      "OHOS::AppExecFwk::to_json(nlohmann::basic_json<std::__1::map, std::__1::vector, std::__1::basic_string<char, std::__1::char_traits<char>, std::__1::allocator<char> >, bool, long, unsigned long, double, std::__1::allocator, nlohmann::adl_serializer, std::__1::vector<unsigned char, std::__1::allocator<unsigned char> > >&, OHOS::AppExecFwk::ModuleInfo const&)";
      "OHOS::AppExecFwk::to_json(nlohmann::basic_json<std::__1::map, std::__1::vector, std::__1::basic_string<char, std::__1::char_traits<char>, std::__1::allocator<char> >, bool, long, unsigned long, double, std::__1::allocator, nlohmann::adl_serializer, std::__1::vector<unsigned char, std::__1::allocator<unsigned char> > >&, OHOS::AppExecFwk::RequestPermission const&)";
      "OHOS::AppExecFwk::to_json(nlohmann::basic_json<std::__1::map, std::__1::vector, std::__1::basic_string<char, std::__1::char_traits<char>, std::__1::allocator<char> >, bool, long, unsigned long, double, std::__1::allocator, nlohmann::adl_serializer, std::__1::vector<unsigned char, std::__1::allocator<unsigned char> > >&, OHOS::AppExecFwk::RequestPermissionUsedScene const&)";
      "OHOS::AppExecFwk::to_json(nlohmann::basic_json<std::__1::map, std::__1::vector, std::__1::basic_string<char, std::__1::char_traits<char>, std::__1::allocator<char> >, bool, long, unsigned long, double, std::__1::allocator, nlohmann::adl_serializer, std::__1::vector<unsigned char, std::__1::allocator<unsigned char> > >&, OHOS::AppExecFwk::RpcIdResult const&)";
      "OHOS::AppExecFwk::to_json(nlohmann::basic_json<std::__1::map, std::__1::vector, std::__1::basic_string<char, std::__1::char_traits<char>, std::__1::allocator<char> >, bool, long, unsigned long, double, std::__1::allocator, nlohmann::adl_serializer, std::__1::vector<unsigned char, std::__1::allocator<unsigned char> > >&, OHOS::AppExecFwk::ShortcutInfo const&)";
      "OHOS::AppExecFwk::to_json(nlohmann::basic_json<std::__1::map, std::__1::vector, std::__1::basic_string<char, std::__1::char_traits<char>, std::__1::allocator<char> >, bool, long, unsigned long, double, std::__1::allocator, nlohmann::adl_serializer, std::__1::vector<unsigned char, std::__1::allocator<unsigned char> > >&, OHOS::AppExecFwk::ShortcutIntent const&)";
      "OHOS::AppExecFwk::to_json(nlohmann::basic_json<std::__1::map, std::__1::vector, std::__1::basic_string<char, std::__1::char_traits<char>, std::__1::allocator<char> >, bool, long, unsigned long, double, std::__1::allocator, nlohmann::adl_serializer, std::__1::vector<unsigned char, std::__1::allocator<unsigned char> > >&, OHOS::AppExecFwk::SummaryAbilityInfo const&)";
      "OHOS::AppExecFwk::to_json(nlohmann::basic_json<std::__1::map, std::__1::vector, std::__1::basic_string<char, std::__1::char_traits<char>, std::__1::allocator<char> >, bool, long, unsigned long, double, std::__1::allocator, nlohmann::adl_serializer, std::__1::vector<unsigned char, std::__1::allocator<unsigned char> > >&, OHOS::AppExecFwk::TargetAbilityInfo const&)";
      "OHOS::AppExecFwk::to_json(nlohmann::basic_json<std::__h::map, std::__h::vector, std::__h::basic_string<char, std::__h::char_traits<char>, std::__h::allocator<char> >, bool, long long, unsigned long long, double, std::__h::allocator, nlohmann::adl_serializer, std::__h::vector<unsigned char, std::__h::allocator<unsigned char> > >&, OHOS::AppExecFwk::AbilityInfo const&)";
      "OHOS::AppExecFwk::to_json(nlohmann::basic_json<std::__h::map, std::__h::vector, std::__h::basic_string<char, std::__h::char_traits<char>, std::__h::allocator<char> >, bool, long long, unsigned long long, double, std::__h::allocator, nlohmann::adl_serializer, std::__h::vector<unsigned char, std::__h::allocator<unsigned char> > >&, OHOS::AppExecFwk::ApplicationInfo const&)";
      "OHOS::AppExecFwk::to_json(nlohmann::basic_json<std::__h::map, std::__h::vector, std::__h::basic_string<char, std::__h::char_traits<char>, std::__h::allocator<char> >, bool, long long, unsigned long long, double, std::__h::allocator, nlohmann::adl_serializer, std::__h::vector<unsigned char, std::__h::allocator<unsigned char> > >&, OHOS::AppExecFwk::AppQuickFix const&)";
      "OHOS::AppExecFwk::to_json(nlohmann::basic_json<std::__h::map, std::__h::vector, std::__h::basic_string<char, std::__h::char_traits<char>, std::__h::allocator<char> >, bool, long long, unsigned long long, double, std::__h::allocator, nlohmann::adl_serializer, std::__h::vector<unsigned char, std::__h::allocator<unsigned char> > >&, OHOS::AppExecFwk::BundleInfo const&)";
      "OHOS::AppExecFwk::to_json(nlohmann::basic_json<std::__h::map, std::__h::vector, std::__h::basic_string<char, std::__h::char_traits<char>, std::__h::allocator<char> >, bool, long long, unsigned long long, double, std::__h::allocator, nlohmann::adl_serializer, std::__h::vector<unsigned char, std::__h::allocator<unsigned char> > >&, OHOS::AppExecFwk::BundlePackInfo const&)";
      "OHOS::AppExecFwk::to_json(nlohmann::basic_json<std::__h::map, std::__h::vector, std::__h::basic_string<char, std::__h::char_traits<char>, std::__h::allocator<char> >, bool, long long, unsigned long long, double, std::__h::allocator, nlohmann::adl_serializer, std::__h::vector<unsigned char, std::__h::allocator<unsigned char> > >&, OHOS::AppExecFwk::BundleUserInfo const&)";
      "OHOS::AppExecFwk::to_json(nlohmann::basic_json<std::__h::map, std::__h::vector, std::__h::basic_string<char, std::__h::char_traits<char>, std::__h::allocator<char> >, bool, long long, unsigned long long, double, std::__h::allocator, nlohmann::adl_serializer, std::__h::vector<unsigned char, std::__h::allocator<unsigned char> > >&, OHOS::AppExecFwk::CommonEventInfo const&)";
      "OHOS::AppExecFwk::to_json(nlohmann::basic_json<std::__h::map, std::__h::vector, std::__h::basic_string<char, std::__h::char_traits<char>, std::__h::allocator<char> >, bool, long long, unsigned long long, double, std::__h::allocator, nlohmann::adl_serializer, std::__h::vector<unsigned char, std::__h::allocator<unsigned char> > >&, OHOS::AppExecFwk::CustomizeData const&)";
      "OHOS::AppExecFwk::to_json(nlohmann::basic_json<std::__h::map, std::__h::vector, std::__h::basic_string<char, std::__h::char_traits<char>, std::__h::allocator<char> >, bool, long long, unsigned long long, double, std::__h::allocator, nlohmann::adl_serializer, std::__h::vector<unsigned char, std::__h::allocator<unsigned char> > >&, OHOS::AppExecFwk::DistributedAbilityInfo const&)";
      "OHOS::AppExecFwk::to_json(nlohmann::basic_json<std::__h::map, std::__h::vector, std::__h::basic_string<char, std::__h::char_traits<char>, std::__h::allocator<char> >, bool, long long, unsigned long long, double, std::__h::allocator, nlohmann::adl_serializer, std::__h::vector<unsigned char, std::__h::allocator<unsigned char> > >&, OHOS::AppExecFwk::DistributedModuleInfo const&)";
      "OHOS::AppExecFwk::to_json(nlohmann::basic_json<std::__h::map, std::__h::vector, std::__h::basic_string<char, std::__h::char_traits<char>, std::__h::allocator<char> >, bool, long long, unsigned long long, double, std::__h::allocator, nlohmann::adl_serializer, std::__h::vector<unsigned char, std::__h::allocator<unsigned char> > >&, OHOS::AppExecFwk::ExtensionAbilityInfo const&)";
      "OHOS::AppExecFwk::to_json(nlohmann::basic_json<std::__h::map, std::__h::vector, std::__h::basic_string<char, std::__h::char_traits<char>, std::__h::allocator<char> >, bool, long long, unsigned long long, double, std::__h::allocator, nlohmann::adl_serializer, std::__h::vector<unsigned char, std::__h::allocator<unsigned char> > >&, OHOS::AppExecFwk::FormInfo const&)";
      "OHOS::AppExecFwk::to_json(nlohmann::basic_json<std::__h::map, std::__h::vector, std::__h::basic_string<char, std::__h::char_traits<char>, std::__h::allocator<char> >, bool, long long, unsigned long long, double, std::__h::allocator, nlohmann::adl_serializer, std::__h::vector<unsigned char, std::__h::allocator<unsigned char> > >&, OHOS::AppExecFwk::HapModuleInfo const&)";
      "OHOS::AppExecFwk::to_json(nlohmann::basic_json<std::__h::map, std::__h::vector, std::__h::basic_string<char, std::__h::char_traits<char>, std::__h::allocator<char> >, bool, long long, unsigned long long, double, std::__h::allocator, nlohmann::adl_serializer, std::__h::vector<unsigned char, std::__h::allocator<unsigned char> > >&, OHOS::AppExecFwk::HqfInfo const&)";
      "OHOS::AppExecFwk::to_json(nlohmann::basic_json<std::__h::map, std::__h::vector, std::__h::basic_string<char, std::__h::char_traits<char>, std::__h::allocator<char> >, bool, long long, unsigned long long, double, std::__h::allocator, nlohmann::adl_serializer, std::__h::vector<unsigned char, std::__h::allocator<unsigned char> > >&, OHOS::AppExecFwk::MetaData const&)";
      "OHOS::AppExecFwk::to_json(nlohmann::basic_json<std::__h::map, std::__h::vector, std::__h::basic_string<char, std::__h::char_traits<char>, std::__h::allocator<char> >, bool, long long, unsigned long long, double, std::__h::allocator, nlohmann::adl_serializer, std::__h::vector<unsigned char, std::__h::allocator<unsigned char> > >&, OHOS::AppExecFwk::Metadata const&)";
      "OHOS::AppExecFwk::to_json(nlohmann::basic_json<std::__h::map, std::__h::vector, std::__h::basic_string<char, std::__h::char_traits<char>, std::__h::allocator<char> >, bool, long long, unsigned long long, double, std::__h::allocator, nlohmann::adl_serializer, std::__h::vector<unsigned char, std::__h::allocator<unsigned char> > >&, OHOS::AppExecFwk::ModuleInfo const&)";
      "OHOS::AppExecFwk::to_json(nlohmann::basic_json<std::__h::map, std::__h::vector, std::__h::basic_string<char, std::__h::char_traits<char>, std::__h::allocator<char> >, bool, long long, unsigned long long, double, std::__h::allocator, nlohmann::adl_serializer, std::__h::vector<unsigned char, std::__h::allocator<unsigned char> > >&, OHOS::AppExecFwk::RequestPermission const&)";
      "OHOS::AppExecFwk::to_json(nlohmann::basic_json<std::__h::map, std::__h::vector, std::__h::basic_string<char, std::__h::char_traits<char>, std::__h::allocator<char> >, bool, long long, unsigned long long, double, std::__h::allocator, nlohmann::adl_serializer, std::__h::vector<unsigned char, std::__h::allocator<unsigned char> > >&, OHOS::AppExecFwk::RequestPermissionUsedScene const&)";
      "OHOS::AppExecFwk::to_json(nlohmann::basic_json<std::__h::map, std::__h::vector, std::__h::basic_string<char, std::__h::char_traits<char>, std::__h::allocator<char> >, bool, long long, unsigned long long, double, std::__h::allocator, nlohmann::adl_serializer, std::__h::vector<unsigned char, std::__h::allocator<unsigned char> > >&, OHOS::AppExecFwk::RpcIdResult const&)";
      "OHOS::AppExecFwk::to_json(nlohmann::basic_json<std::__h::map, std::__h::vector, std::__h::basic_string<char, std::__h::char_traits<char>, std::__h::allocator<char> >, bool, long long, unsigned long long, double, std::__h::allocator, nlohmann::adl_serializer, std::__h::vector<unsigned char, std::__h::allocator<unsigned char> > >&, OHOS::AppExecFwk::ShortcutInfo const&)";
      "OHOS::AppExecFwk::to_json(nlohmann::basic_json<std::__h::map, std::__h::vector, std::__h::basic_string<char, std::__h::char_traits<char>, std::__h::allocator<char> >, bool, long long, unsigned long long, double, std::__h::allocator, nlohmann::adl_serializer, std::__h::vector<unsigned char, std::__h::allocator<unsigned char> > >&, OHOS::AppExecFwk::ShortcutIntent const&)";
      "OHOS::AppExecFwk::to_json(nlohmann::basic_json<std::__h::map, std::__h::vector, std::__h::basic_string<char, std::__h::char_traits<char>, std::__h::allocator<char> >, bool, long long, unsigned long long, double, std::__h::allocator, nlohmann::adl_serializer, std::__h::vector<unsigned char, std::__h::allocator<unsigned char> > >&, OHOS::AppExecFwk::SummaryAbilityInfo const&)";
      "OHOS::AppExecFwk::to_json(nlohmann::basic_json<std::__h::map, std::__h::vector, std::__h::basic_string<char, std::__h::char_traits<char>, std::__h::allocator<char> >, bool, long long, unsigned long long, double, std::__h::allocator, nlohmann::adl_serializer, std::__h::vector<unsigned char, std::__h::allocator<unsigned char> > >&, OHOS::AppExecFwk::TargetAbilityInfo const&)";
      "OHOS::AppExecFwk::to_json(nlohmann::basic_json<std::__h::map, std::__h::vector, std::__h::basic_string<char, std::__h::char_traits<char>, std::__h::allocator<char> >, bool, long, unsigned long, double, std::__h::allocator, nlohmann::adl_serializer, std::__h::vector<unsigned char, std::__h::allocator<unsigned char> > >&, OHOS::AppExecFwk::AbilityInfo const&)";
      "OHOS::AppExecFwk::to_json(nlohmann::basic_json<std::__h::map, std::__h::vector, std::__h::basic_string<char, std::__h::char_traits<char>, std::__h::allocator<char> >, bool, long, unsigned long, double, std::__h::allocator, nlohmann::adl_serializer, std::__h::vector<unsigned char, std::__h::allocator<unsigned char> > >&, OHOS::AppExecFwk::ApplicationInfo const&)";
      "OHOS::AppExecFwk::to_json(nlohmann::basic_json<std::__h::map, std::__h::vector, std::__h::basic_string<char, std::__h::char_traits<char>, std::__h::allocator<char> >, bool, long, unsigned long, double, std::__h::allocator, nlohmann::adl_serializer, std::__h::vector<unsigned char, std::__h::allocator<unsigned char> > >&, OHOS::AppExecFwk::AppQuickFix const&)";
      "OHOS::AppExecFwk::to_json(nlohmann::basic_json<std::__h::map, std::__h::vector, std::__h::basic_string<char, std::__h::char_traits<char>, std::__h::allocator<char> >, bool, long, unsigned long, double, std::__h::allocator, nlohmann::adl_serializer, std::__h::vector<unsigned char, std::__h::allocator<unsigned char> > >&, OHOS::AppExecFwk::BundleInfo const&)";
      "OHOS::AppExecFwk::to_json(nlohmann::basic_json<std::__h::map, std::__h::vector, std::__h::basic_string<char, std::__h::char_traits<char>, std::__h::allocator<char> >, bool, long, unsigned long, double, std::__h::allocator, nlohmann::adl_serializer, std::__h::vector<unsigned char, std::__h::allocator<unsigned char> > >&, OHOS::AppExecFwk::BundlePackInfo const&)";
      "OHOS::AppExecFwk::to_json(nlohmann::basic_json<std::__h::map, std::__h::vector, std::__h::basic_string<char, std::__h::char_traits<char>, std::__h::allocator<char> >, bool, long, unsigned long, double, std::__h::allocator, nlohmann::adl_serializer, std::__h::vector<unsigned char, std::__h::allocator<unsigned char> > >&, OHOS::AppExecFwk::BundleUserInfo const&)";
      "OHOS::AppExecFwk::to_json(nlohmann::basic_json<std::__h::map, std::__h::vector, std::__h::basic_string<char, std::__h::char_traits<char>, std::__h::allocator<char> >, bool, long, unsigned long, double, std::__h::allocator, nlohmann::adl_serializer, std::__h::vector<unsigned char, std::__h::allocator<unsigned char> > >&, OHOS::AppExecFwk::CommonEventInfo const&)";
      "OHOS::AppExecFwk::to_json(nlohmann::basic_json<std::__h::map, std::__h::vector, std::__h::basic_string<char, std::__h::char_traits<char>, std::__h::allocator<char> >, bool, long, unsigned long, double, std::__h::allocator, nlohmann::adl_serializer, std::__h::vector<unsigned char, std::__h::allocator<unsigned char> > >&, OHOS::AppExecFwk::ExtensionAbilityInfo const&)";
      "OHOS::AppExecFwk::to_json(nlohmann::basic_json<std::__h::map, std::__h::vector, std::__h::basic_string<char, std::__h::char_traits<char>, std::__h::allocator<char> >, bool, long, unsigned long, double, std::__h::allocator, nlohmann::adl_serializer, std::__h::vector<unsigned char, std::__h::allocator<unsigned char> > >&, OHOS::AppExecFwk::FormInfo const&)";
      "OHOS::AppExecFwk::to_json(nlohmann::basic_json<std::__h::map, std::__h::vector, std::__h::basic_string<char, std::__h::char_traits<char>, std::__h::allocator<char> >, bool, long, unsigned long, double, std::__h::allocator, nlohmann::adl_serializer, std::__h::vector<unsigned char, std::__h::allocator<unsigned char> > >&, OHOS::AppExecFwk::HapModuleInfo const&)";
      "OHOS::AppExecFwk::to_json(nlohmann::basic_json<std::__h::map, std::__h::vector, std::__h::basic_string<char, std::__h::char_traits<char>, std::__h::allocator<char> >, bool, long, unsigned long, double, std::__h::allocator, nlohmann::adl_serializer, std::__h::vector<unsigned char, std::__h::allocator<unsigned char> > >&, OHOS::AppExecFwk::HqfInfo const&)";
      "OHOS::AppExecFwk::to_json(nlohmann::basic_json<std::__h::map, std::__h::vector, std::__h::basic_string<char, std::__h::char_traits<char>, std::__h::allocator<char> >, bool, long, unsigned long, double, std::__h::allocator, nlohmann::adl_serializer, std::__h::vector<unsigned char, std::__h::allocator<unsigned char> > >&, OHOS::AppExecFwk::MetaData const&)";
      "OHOS::AppExecFwk::to_json(nlohmann::basic_json<std::__h::map, std::__h::vector, std::__h::basic_string<char, std::__h::char_traits<char>, std::__h::allocator<char> >, bool, long, unsigned long, double, std::__h::allocator, nlohmann::adl_serializer, std::__h::vector<unsigned char, std::__h::allocator<unsigned char> > >&, OHOS::AppExecFwk::Metadata const&)";
      "OHOS::AppExecFwk::to_json(nlohmann::basic_json<std::__h::map, std::__h::vector, std::__h::basic_string<char, std::__h::char_traits<char>, std::__h::allocator<char> >, bool, long, unsigned long, double, std::__h::allocator, nlohmann::adl_serializer, std::__h::vector<unsigned char, std::__h::allocator<unsigned char> > >&, OHOS::AppExecFwk::RequestPermission const&)";
      "OHOS::AppExecFwk::to_json(nlohmann::basic_json<std::__h::map, std::__h::vector, std::__h::basic_string<char, std::__h::char_traits<char>, std::__h::allocator<char> >, bool, long, unsigned long, double, std::__h::allocator, nlohmann::adl_serializer, std::__h::vector<unsigned char, std::__h::allocator<unsigned char> > >&, OHOS::AppExecFwk::RpcIdResult const&)";
      "OHOS::AppExecFwk::to_json(nlohmann::basic_json<std::__h::map, std::__h::vector, std::__h::basic_string<char, std::__h::char_traits<char>, std::__h::allocator<char> >, bool, long, unsigned long, double, std::__h::allocator, nlohmann::adl_serializer, std::__h::vector<unsigned char, std::__h::allocator<unsigned char> > >&, OHOS::AppExecFwk::ShortcutInfo const&)";
      "OHOS::AppExecFwk::to_json(nlohmann::basic_json<std::__h::map, std::__h::vector, std::__h::basic_string<char, std::__h::char_traits<char>, std::__h::allocator<char> >, bool, long, unsigned long, double, std::__h::allocator, nlohmann::adl_serializer, std::__h::vector<unsigned char, std::__h::allocator<unsigned char> > >&, OHOS::AppExecFwk::ShortcutIntent const&)";
      "OHOS::AppExecFwk::to_json(nlohmann::basic_json<std::__h::map, std::__h::vector, std::__h::basic_string<char, std::__h::char_traits<char>, std::__h::allocator<char> >, bool, long, unsigned long, double, std::__h::allocator, nlohmann::adl_serializer, std::__h::vector<unsigned char, std::__h::allocator<unsigned char> > >&, OHOS::AppExecFwk::SummaryAbilityInfo const&)";
      "OHOS::AppExecFwk::to_json(nlohmann::basic_json<std::__h::map, std::__h::vector, std::__h::basic_string<char, std::__h::char_traits<char>, std::__h::allocator<char> >, bool, long, unsigned long, double, std::__h::allocator, nlohmann::adl_serializer, std::__h::vector<unsigned char, std::__h::allocator<unsigned char> > >&, OHOS::AppExecFwk::TargetAbilityInfo const&)";
      "OHOS::AppExecFwk::to_json(nlohmann::basic_json<std::__h::map, std::__h::vector, std::__h::basic_string<char, std::__h::char_traits<char>, std::__h::allocator<char> >, bool, unsigned long, double, std::__h::allocator, nlohmann::adl_serializer, std::__h::vector<unsigned char, std::__h::allocator<unsigned char> > >&, OHOS::AppExecFwk::ApplicationInfo const&)";
      "OHOS::AppExecFwk::to_json(nlohmann::basic_json<std::__h::map, std::__h::vector, std::__h::basic_string<char, std::__h::char_traits<char>, std::__h::allocator<char> >, bool, unsigned long, double, std::__h::allocator, nlohmann::adl_serializer, std::__h::vector<unsigned char, std::__h::allocator<unsigned char> > >&, OHOS::AppExecFwk::BundleInfo const&)";
      "vtable for OHOS::AppExecFwk::AppProvisionInfo";
      "vtable for OHOS::AppExecFwk::AppqfInfo";
      "vtable for OHOS::AppExecFwk::AppQuickFix";
      "vtable for OHOS::AppExecFwk::BaseSharedPackageInfo";
      "vtable for OHOS::AppExecFwk::BundleInfo";
      "vtable for OHOS::AppExecFwk::BundlePackInfo";
      "vtable for OHOS::AppExecFwk::CommonEventInfo";
      "vtable for OHOS::AppExecFwk::CustomizeData";
      "vtable for OHOS::AppExecFwk::DistributedAbilityInfo";
      "vtable for OHOS::AppExecFwk::DistributedBundleInfo";
      "vtable for OHOS::AppExecFwk::DistributedModuleInfo";
      "vtable for OHOS::AppExecFwk::ExtensionAbilityInfo";
      "vtable for OHOS::AppExecFwk::FormInfo";
      "vtable for OHOS::AppExecFwk::HapModuleInfo";
      "vtable for OHOS::AppExecFwk::HqfInfo";
      "vtable for OHOS::AppExecFwk::Metadata";
      "vtable for OHOS::AppExecFwk::ModuleInfo";
      "vtable for OHOS::AppExecFwk::PermissionDef";
      "vtable for OHOS::AppExecFwk::RemoteAbilityInfo";
      "vtable for OHOS::AppExecFwk::RequestPermission";
      "vtable for OHOS::AppExecFwk::RequestPermissionUsedScene";
      "vtable for OHOS::AppExecFwk::Resource";
      "vtable for OHOS::AppExecFwk::SharedBundleInfo";
      "vtable for OHOS::AppExecFwk::SharedModuleInfo";
      "vtable for OHOS::AppExecFwk::ShortcutInfo";
      "vtable for OHOS::AppExecFwk::SignatureInfo";
      "VTT for OHOS::AppExecFwk::AppProvisionInfo";
      "VTT for OHOS::AppExecFwk::AppqfInfo";
      "VTT for OHOS::AppExecFwk::AppQuickFix";
      "VTT for OHOS::AppExecFwk::BaseSharedPackageInfo";
      "VTT for OHOS::AppExecFwk::BundleInfo";
      "VTT for OHOS::AppExecFwk::BundlePackInfo";
      "VTT for OHOS::AppExecFwk::CommonEventInfo";
      "VTT for OHOS::AppExecFwk::CustomizeData";
      "VTT for OHOS::AppExecFwk::DistributedAbilityInfo";
      "VTT for OHOS::AppExecFwk::DistributedBundleInfo";
      "VTT for OHOS::AppExecFwk::DistributedModuleInfo";
      "VTT for OHOS::AppExecFwk::ExtensionAbilityInfo";
      "VTT for OHOS::AppExecFwk::FormInfo";
      "VTT for OHOS::AppExecFwk::HapModuleInfo";
      "VTT for OHOS::AppExecFwk::HqfInfo";
      "VTT for OHOS::AppExecFwk::Metadata";
      "VTT for OHOS::AppExecFwk::ModuleInfo";
      "VTT for OHOS::AppExecFwk::PermissionDef";
      "VTT for OHOS::AppExecFwk::RemoteAbilityInfo";
      "VTT for OHOS::AppExecFwk::RequestPermission";
      "VTT for OHOS::AppExecFwk::RequestPermissionUsedScene";
      "VTT for OHOS::AppExecFwk::Resource";
      "VTT for OHOS::AppExecFwk::SharedBundleInfo";
      "VTT for OHOS::AppExecFwk::SharedModuleInfo";
      "VTT for OHOS::AppExecFwk::ShortcutInfo";
      "VTT for OHOS::AppExecFwk::SignatureInfo";
      vtable?for?OHOS::AppExecFwk::AbilityInfo;
      vtable?for?OHOS::AppExecFwk::ApplicationInfo;
      vtable?for?OHOS::AppExecFwk::AppRunningControlRule;
      vtable?for?OHOS::AppExecFwk::AppRunningControlRuleResult;
      vtable?for?OHOS::AppExecFwk::BundleUserInfo;
      vtable?for?OHOS::AppExecFwk::CompatibleAbilityInfo;
      vtable?for?OHOS::AppExecFwk::CompatibleApplicationInfo;
      vtable?for?OHOS::AppExecFwk::DefaultAppProxy;
      vtable?for?OHOS::AppExecFwk::InstallParam;
      vtable?for?OHOS::AppExecFwk::InstallResult;
      vtable?for?OHOS::AppExecFwk::Progress;
      vtable?for?OHOS::AppExecFwk::Result;
      vtable?for?OHOS::AppExecFwk::RpcIdResult;
      vtable?for?OHOS::AppExecFwk::SummaryAbilityInfo;
      vtable?for?OHOS::AppExecFwk::TargetAbilityInfo;
      vtable?for?OHOS::AppExecFwk::TargetExtSetting;
      vtable?for?OHOS::AppExecFwk::TargetInfo;
      VTT?for?OHOS::AppExecFwk::AbilityInfo;
      VTT?for?OHOS::AppExecFwk::ApplicationInfo;
      VTT?for?OHOS::AppExecFwk::AppRunningControlRule;
      VTT?for?OHOS::AppExecFwk::AppRunningControlRuleResult;
      VTT?for?OHOS::AppExecFwk::BundleUserInfo;
      VTT?for?OHOS::AppExecFwk::CompatibleAbilityInfo;
      VTT?for?OHOS::AppExecFwk::CompatibleApplicationInfo;
      VTT?for?OHOS::AppExecFwk::DefaultAppProxy;
      VTT?for?OHOS::AppExecFwk::InstallParam;
      VTT?for?OHOS::AppExecFwk::InstallResult;
      VTT?for?OHOS::AppExecFwk::Progress;
      VTT?for?OHOS::AppExecFwk::Result;
      VTT?for?OHOS::AppExecFwk::RpcIdResult;
      VTT?for?OHOS::AppExecFwk::SummaryAbilityInfo;
      VTT?for?OHOS::AppExecFwk::TargetAbilityInfo;
      VTT?for?OHOS::AppExecFwk::TargetExtSetting;
      VTT?for?OHOS::AppExecFwk::TargetInfo;
    };
  local:
    *;
};